 Eclipse

 Timestamp is 464ae5d3 (Wed May 16 12:06:59 2007)

 Preferred load address is 00400000

 Start         Length     Name                   Class
 0001:00000000 00040156H .text                   CODE
 0001:00040160 0000412aH .text$x                 CODE
 0002:00000000 000085d4H .rdata                  DATA
 0002:000085d8 00000dd4H .rdata$r                DATA
 0002:000093b0 00005108H .xdata$x                DATA
 0002:0000e4b8 00000000H .edata                  DATA
 0003:00000000 00000004H .CRT$XCA                DATA
 0003:00000004 00000004H .CRT$XCL                DATA
 0003:00000008 00000040H .CRT$XCU                DATA
 0003:00000048 00000004H .CRT$XCZ                DATA
 0003:0000004c 00000004H .CRT$XIA                DATA
 0003:00000050 00000004H .CRT$XIZ                DATA
 0003:00000060 00001e74H .data                   DATA
 0003:00001ed8 000002e0H .bss                    DATA
 0004:00000000 000000f0H .idata$2                DATA
 0004:000000f0 00000014H .idata$3                DATA
 0004:00000104 00000bd0H .idata$4                DATA
 0004:00000cd4 00000bd0H .idata$5                DATA
 0004:000018a4 0000097eH .idata$6                DATA
 0005:00000000 00001180H .rsrc$01                DATA
 0005:00001180 0000abf8H .rsrc$02                DATA

  Address         Publics by Value              Rva+Base     Lib:Object

 0001:00000000       ??0CAcquisitionTab@@QAE@PAVCWnd@@@Z 00401000 f   AcquisitionTab.obj
 0001:00000090       ??_ECAcquisitionTab@@UAEPAXI@Z 00401090 f i AcquisitionTab.obj
 0001:00000090       ??_GCAcquisitionTab@@UAEPAXI@Z 00401090 f i AcquisitionTab.obj
 0001:000000d0       ??0CIndicators@@QAE@XZ     004010d0 f i AcquisitionTab.obj
 0001:00000100       ?Create@CIndicators@@UAEHPBD0KABUtagRECT@@PAVCWnd@@IPAUCCreateContext@@@Z 00401100 f i AcquisitionTab.obj
 0001:00000140       ?GetClsid@CIndicators@@QAEABU_GUID@@XZ 00401140 f i AcquisitionTab.obj
 0001:00000160       ??1CIndicators@@UAE@XZ     00401160 f i AcquisitionTab.obj
 0001:00000180       ??1CAcquisitionTab@@UAE@XZ 00401180 f i AcquisitionTab.obj
 0001:000001f0       ??_GCIndicators@@UAEPAXI@Z 004011f0 f i AcquisitionTab.obj
 0001:000001f0       ??_ECIndicators@@UAEPAXI@Z 004011f0 f i AcquisitionTab.obj
 0001:00000230       ?DoDataExchange@CAcquisitionTab@@MAEXPAVCDataExchange@@@Z 00401230 f   AcquisitionTab.obj
 0001:000002a0       ?_GetBaseMessageMap@CAcquisitionTab@@KGPBUAFX_MSGMAP@@XZ 004012a0 f   AcquisitionTab.obj
 0001:000002c0       ?GetMessageMap@CAcquisitionTab@@MBEPBUAFX_MSGMAP@@XZ 004012c0 f   AcquisitionTab.obj
 0001:000002e0       ?OnInstProps@CAcquisitionTab@@IAEXXZ 004012e0 f   AcquisitionTab.obj
 0001:00000330       ?OnAcqStart@CAcquisitionTab@@UAEXXZ 00401330 f   AcquisitionTab.obj
 0001:000004e0       ?OnAcqStop@CAcquisitionTab@@UAEXXZ 004014e0 f   AcquisitionTab.obj
 0001:00000680       ?GetAverageView@CMainFrame@@QAEPAVCAverageView@@XZ 00401680 f i AcquisitionTab.obj
 0001:000006a0       ?OnInitDialog@CAcquisitionTab@@MAEHXZ 004016a0 f   AcquisitionTab.obj
 0001:00000820       ?OnTimer@CAcquisitionTab@@IAEXI@Z 00401820 f   AcquisitionTab.obj
 0001:00000ad0       ?DestroyWindow@CAcquisitionTab@@UAEHXZ 00401ad0 f   AcquisitionTab.obj
 0001:00000b00       ?OnModeTrend@CAcquisitionTab@@QAEXXZ 00401b00 f   AcquisitionTab.obj
 0001:00000b60       ?OnModeAverage@CAcquisitionTab@@QAEXXZ 00401b60 f   AcquisitionTab.obj
 0001:00000bc0       ?OnDestroy@CAcquisitionTab@@IAEXXZ 00401bc0 f   AcquisitionTab.obj
 0001:00000bf0       ?OnClose@CAcquisitionTab@@IAEXXZ 00401bf0 f   AcquisitionTab.obj
 0001:00000c10       ?OnRealtime@CAcquisitionTab@@IAEXXZ 00401c10 f   AcquisitionTab.obj
 0001:00000c80       ?OnCancel@CAcquisitionTab@@MAEXXZ 00401c80 f   AcquisitionTab.obj
 0001:00000ca0       ?OnOK@CAcquisitionTab@@MAEXXZ 00401ca0 f   AcquisitionTab.obj
 0001:00000cc0       ??_9@$BNM@AE               00401cc0 f i AcquisitionTab.obj
 0001:00000cd0       ??_9@$BNI@AE               00401cd0 f i AcquisitionTab.obj
 0001:00000ce0       ??0CAddCalItem@@QAE@PAVCWnd@@VCString@@PAV2@@Z 00401ce0 f   AddCalItem.obj
 0001:00000d90       ??_GCAddCalItem@@UAEPAXI@Z 00401d90 f i AddCalItem.obj
 0001:00000d90       ??_ECAddCalItem@@UAEPAXI@Z 00401d90 f i AddCalItem.obj
 0001:00000dd0       ??1CAddCalItem@@UAE@XZ     00401dd0 f i AddCalItem.obj
 0001:00000e40       ?DoDataExchange@CAddCalItem@@MAEXPAVCDataExchange@@@Z 00401e40 f   AddCalItem.obj
 0001:00000e70       ?_GetBaseMessageMap@CAddCalItem@@KGPBUAFX_MSGMAP@@XZ 00401e70 f   AddCalItem.obj
 0001:00000e90       ?GetMessageMap@CAddCalItem@@MBEPBUAFX_MSGMAP@@XZ 00401e90 f   AddCalItem.obj
 0001:00000eb0       ?OnInitDialog@CAddCalItem@@MAEHXZ 00401eb0 f   AddCalItem.obj
 0001:00000fc0       ?OnUpdateCalValue@CAddCalItem@@IAEXXZ 00401fc0 f   AddCalItem.obj
 0001:00001070       ?OnOK@CAddCalItem@@MAEXXZ  00402070 f   AddCalItem.obj
 0001:00001090       ??0CAnalysisTab@@QAE@PAVCWnd@@@Z 00402090 f   AnalysisTab.obj
 0001:00001100       ??_GCAnalysisTab@@UAEPAXI@Z 00402100 f i AnalysisTab.obj
 0001:00001100       ??_ECAnalysisTab@@UAEPAXI@Z 00402100 f i AnalysisTab.obj
 0001:00001140       ??1CAnalysisTab@@UAE@XZ    00402140 f i AnalysisTab.obj
 0001:00001160       ?DoDataExchange@CAnalysisTab@@MAEXPAVCDataExchange@@@Z 00402160 f   AnalysisTab.obj
 0001:00001190       ?_GetBaseMessageMap@CAnalysisTab@@KGPBUAFX_MSGMAP@@XZ 00402190 f   AnalysisTab.obj
 0001:000011b0       ?GetMessageMap@CAnalysisTab@@MBEPBUAFX_MSGMAP@@XZ 004021b0 f   AnalysisTab.obj
 0001:000011d0       ?OnInitDialog@CAnalysisTab@@MAEHXZ 004021d0 f   AnalysisTab.obj
 0001:00001690       ?OnMeasurements@CAnalysisTab@@QAEXXZ 00402690 f   AnalysisTab.obj
 0001:00001fe0       ?GetSettings@CAverageView@@QAEPAVCSettings@@XZ 00402fe0 f i AnalysisTab.obj
 0001:00002000       ?GetAverageXData@CAverageView@@QAEPAUtagVARIANT@@XZ 00403000 f i AnalysisTab.obj
 0001:00002020       ?GetAverageYData@CAverageView@@QAEPAUtagVARIANT@@XZ 00403020 f i AnalysisTab.obj
 0001:00002040       ?GetCalXData@CAverageView@@QAEPAUtagVARIANT@@XZ 00403040 f i AnalysisTab.obj
 0001:00002060       ?OnDestroy@CAnalysisTab@@IAEXXZ 00403060 f   AnalysisTab.obj
 0001:00002280       ?GetMeasurementVersions@CAnalysisTab@@QAE?AVCString@@H@Z 00403280 f   AnalysisTab.obj
 0001:000023a0       ?OnSelchangeMeasure1@CAnalysisTab@@IAEXXZ 004033a0 f   AnalysisTab.obj
 0001:000023c0       ?OnSelchangeMeasure2@CAnalysisTab@@IAEXXZ 004033c0 f   AnalysisTab.obj
 0001:000023e0       ?OnSelchangeMeasure3@CAnalysisTab@@IAEXXZ 004033e0 f   AnalysisTab.obj
 0001:00002400       ?OnSelchangeMeasure4@CAnalysisTab@@IAEXXZ 00403400 f   AnalysisTab.obj
 0001:00002420       ?OnShowWindow@CAnalysisTab@@IAEXHI@Z 00403420 f   AnalysisTab.obj
 0001:00002460       ?OnCancel@CAnalysisTab@@MAEXXZ 00403460 f   AnalysisTab.obj
 0001:00002480       ?OnOK@CAnalysisTab@@MAEXXZ 00403480 f   AnalysisTab.obj
 0001:000024a0       ??0CAverageSaveDlg@@QAE@PAVCWnd@@PAVCString@@@Z 004034a0 f   AverageSaveDlg.obj
 0001:00002540       ??_ECAverageSaveDlg@@UAEPAXI@Z 00403540 f i AverageSaveDlg.obj
 0001:00002540       ??_GCAverageSaveDlg@@UAEPAXI@Z 00403540 f i AverageSaveDlg.obj
 0001:00002580       ??1CAverageSaveDlg@@UAE@XZ 00403580 f i AverageSaveDlg.obj
 0001:000025f0       ?DoDataExchange@CAverageSaveDlg@@MAEXPAVCDataExchange@@@Z 004035f0 f   AverageSaveDlg.obj
 0001:00002630       ?_GetBaseMessageMap@CAverageSaveDlg@@KGPBUAFX_MSGMAP@@XZ 00403630 f   AverageSaveDlg.obj
 0001:00002650       ?GetMessageMap@CAverageSaveDlg@@MBEPBUAFX_MSGMAP@@XZ 00403650 f   AverageSaveDlg.obj
 0001:00002670       ?OnInitDialog@CAverageSaveDlg@@MAEHXZ 00403670 f   AverageSaveDlg.obj
 0001:00002810       ?OnUpdateName@CAverageSaveDlg@@IAEXXZ 00403810 f   AverageSaveDlg.obj
 0001:00002880       ?OnOK@CAverageSaveDlg@@MAEXXZ 00403880 f   AverageSaveDlg.obj
 0001:00002a40       ?OnSelchangeDirFiles@CAverageSaveDlg@@IAEXXZ 00403a40 f   AverageSaveDlg.obj
 0001:00002af0       ?CreateObject@CAverageView@@SGPAVCObject@@XZ 00403af0 f   AverageView.obj
 0001:00002b70       ?_GetBaseClass@CAverageView@@KGPAUCRuntimeClass@@XZ 00403b70 f   AverageView.obj
 0001:00002b90       ?GetRuntimeClass@CAverageView@@UBEPAUCRuntimeClass@@XZ 00403b90 f   AverageView.obj
 0001:00002bb0       ??0CAverageView@@IAE@XZ    00403bb0 f   AverageView.obj
 0001:00002cd0       ?GetGraph@CAverageView@@UAEPAVCGSX2@@XZ 00403cd0 f i AverageView.obj
 0001:00002cf0       ?GetNumberOfAverages@CAverageView@@UAEHXZ 00403cf0 f i AverageView.obj
 0001:00002d10       ??_GCAverageView@@MAEPAXI@Z 00403d10 f i AverageView.obj
 0001:00002d10       ??_ECAverageView@@MAEPAXI@Z 00403d10 f i AverageView.obj
 0001:00002d50       ??0CGSX2@@QAE@XZ           00403d50 f i AverageView.obj
 0001:00002d80       ?Create@CGSX2@@UAEHPBD0KABUtagRECT@@PAVCWnd@@IPAUCCreateContext@@@Z 00403d80 f i AverageView.obj
 0001:00002dc0       ?GetClsid@CGSX2@@QAEABU_GUID@@XZ 00403dc0 f i AverageView.obj
 0001:00002de0       ??1CGSX2@@UAE@XZ           00403de0 f i AverageView.obj
 0001:00002e00       ??_GCGSX2@@UAEPAXI@Z       00403e00 f i AverageView.obj
 0001:00002e00       ??_ECGSX2@@UAEPAXI@Z       00403e00 f i AverageView.obj
 0001:00002e40       ??1CAverageView@@MAE@XZ    00403e40 f   AverageView.obj
 0001:00002f50       ?_GetBaseMessageMap@CAverageView@@KGPBUAFX_MSGMAP@@XZ 00403f50 f   AverageView.obj
 0001:00002f70       ?GetMessageMap@CAverageView@@MBEPBUAFX_MSGMAP@@XZ 00403f70 f   AverageView.obj
 0001:00002f90       ?_GetBaseEventSinkMap@CAverageView@@KGPBUAFX_EVENTSINKMAP@@XZ 00403f90 f   AverageView.obj
 0001:00002fb0       ?GetEventSinkMap@CAverageView@@MBEPBUAFX_EVENTSINKMAP@@XZ 00403fb0 f   AverageView.obj
 0001:00002fd0       ?OnDraw@CAverageView@@MAEXPAVCDC@@@Z 00403fd0 f   AverageView.obj
 0001:00002ff0       ?AssertValid@CAverageView@@MBEXXZ 00403ff0 f   AverageView.obj
 0001:00003010       ?Dump@CAverageView@@MBEXAAVCDumpContext@@@Z 00404010 f   AverageView.obj
 0001:00003040       ?CreateGraph@CAverageView@@UAE_NXZ 00404040 f   AverageView.obj
 0001:00003250       ?Create@CGSX2@@QAEHPBDKABUtagRECT@@PAVCWnd@@IPAVCFile@@HPAG@Z 00404250 f i AverageView.obj
 0001:000032a0       ?Create@CAverageView@@UAEHPBD0KABUtagRECT@@PAVCWnd@@IPAUCCreateContext@@@Z 004042a0 f   AverageView.obj
 0001:00003310       ?OnSize@CAverageView@@IAEXIHH@Z 00404310 f   AverageView.obj
 0001:00003360       ?LoadDataToBeCombined@CAverageView@@UAEXXZ 00404360 f   AverageView.obj
 0001:00003570       ?StartAverageAcquisition@CAverageView@@UAEXVCString@@@Z 00404570 f   AverageView.obj
 0001:00003a20       ?StopAverageAcquisition@CAverageView@@UAEXXZ 00404a20 f   AverageView.obj
 0001:00003af0       ?OnTimer@CAverageView@@IAEXI@Z 00404af0 f   AverageView.obj
 0001:00003e80       ?GetLED1@CAcquisitionTab@@QAEPAVCIndicators@@XZ 00404e80 f i AverageView.obj
 0001:00003ea0       ?DisplayHoverWindow@CAverageView@@UAEXXZ 00404ea0 f   AverageView.obj
 0001:00004200       ?RetrieveAverageActive@CAverageView@@UAE_NH@Z 00405200 f   AverageView.obj
 0001:000045b0       ?RetrieveTrendAverageFile@CAverageView@@UAE_NVCString@@H@Z 004055b0 f   AverageView.obj
 0001:00004990       ?SaveAsAverageFile@CAverageView@@UAE_NVCString@@0@Z 00405990 f   AverageView.obj
 0001:00004d80       ?GetUnitsText@CCalibration@@UAE?AVCString@@XZ 00405d80 f i AverageView.obj
 0001:00004dc0       ?GetFileName@CCalibration@@UAE?AVCString@@XZ 00405dc0 f i AverageView.obj
 0001:00004e00       ?GetCalType@CCalibration@@UAE?AW4ECalType@@XZ 00405e00 f i AverageView.obj
 0001:00004e20       ?GetCoef1@CCalibration@@UAENXZ 00405e20 f i AverageView.obj
 0001:00004e40       ?GetCoef2@CCalibration@@UAENXZ 00405e40 f i AverageView.obj
 0001:00004e60       ?GetCoef3@CCalibration@@UAENXZ 00405e60 f i AverageView.obj
 0001:00004e80       ?GetCoef4@CCalibration@@UAENXZ 00405e80 f i AverageView.obj
 0001:00004ea0       ??1CCalibration@@UAE@XZ    00405ea0 f i AverageView.obj
 0001:00004f40       ??1CMkrInfo@@UAE@XZ        00405f40 f i AverageView.obj
 0001:00004f60       ?SaveAverageFile@CAverageView@@UAE_NVCString@@@Z 00405f60 f   AverageView.obj
 0001:000051e0       ?OpenAverageFile@CAverageView@@UAE_NVCString@@H@Z 004061e0 f   AverageView.obj
 0001:00005740       ?OnGSXMouseDown@CAverageView@@IAEXFFJJ@Z 00406740 f   AverageView.obj
 0001:00005760       ?OnGSXMouseUp@CAverageView@@IAEXFFJJ@Z 00406760 f   AverageView.obj
 0001:000059f0       ?OnGSXMouseMove@CAverageView@@IAEXFFJJ@Z 004069f0 f   AverageView.obj
 0001:00005c40       ?OnGSXRepaint@CAverageView@@IAEXJJJJJ@Z 00406c40 f   AverageView.obj
 0001:00005c70       ?OnGSXClick@CAverageView@@IAEXXZ 00406c70 f   AverageView.obj
 0001:00005c90       ?OnPrint@CAverageView@@MAEXPAVCDC@@PAUCPrintInfo@@@Z 00406c90 f   AverageView.obj
 0001:00005e50       ?OnPreparePrinting@CAverageView@@MAEHPAUCPrintInfo@@@Z 00406e50 f   AverageView.obj
 0001:00005e80       ?OnCopygraph@CAverageView@@IAEXXZ 00406e80 f   AverageView.obj
 0001:00005ea0       ?OnViewFFT@CAverageView@@IAEXXZ 00406ea0 f   AverageView.obj
 0001:00005fb0       ?UpdateAnalysisInfo@CAverageView@@UAEXXZ 00406fb0 f   AverageView.obj
 0001:000062f0       ?GetFFTDlg@CAverageView@@QAEPAVCShowFFT@@XZ 004072f0 f i AverageView.obj
 0001:00006310       ?OnRightCalibrationEnable@CAverageView@@QAEXXZ 00407310 f   AverageView.obj
 0001:000064a0       ?CalibrateAverageXData@CAverageView@@UAE_NXZ 004074a0 f   AverageView.obj
 0001:00006640       ?OnRightGraphProperties@CAverageView@@IAEXXZ 00407640 f   AverageView.obj
 0001:000066c0       ??1CGraphProperties@@UAE@XZ 004076c0 f i AverageView.obj
 0001:00006740       ?OnRightSetMarkerTool@CAverageView@@IAEXXZ 00407740 f   AverageView.obj
 0001:00006790       ?OnRightSetZoomTool@CAverageView@@IAEXXZ 00407790 f   AverageView.obj
 0001:000067e0       ?GraphSettings@CAverageView@@UAEX_N@Z 004077e0 f   AverageView.obj
 0001:00006fc0       ?OnDestroy@CAverageView@@IAEXXZ 00407fc0 f   AverageView.obj
 0001:00006ff0       ?OnSetCursor@CAverageView@@IAEHPAVCWnd@@II@Z 00407ff0 f   AverageView.obj
 0001:00007020       ?OnAddOverlay@CAverageView@@IAEXXZ 00408020 f   AverageView.obj
 0001:00007ad0       ??1CFileDialog@@UAE@XZ     00408ad0 f i AverageView.obj
 0001:00007b30       ??1CCommonDialog@@UAE@XZ   00408b30 f i AverageView.obj
 0001:00007b50       ?OnRemoveOverlay@CAverageView@@IAEXXZ 00408b50 f   AverageView.obj
 0001:00007bd0       ?RemoveAllOverlays@CAverageView@@UAEXXZ 00408bd0 f   AverageView.obj
 0001:00007c60       ?UpdateLabels@CAverageView@@UAEXXZ 00408c60 f   AverageView.obj
 0001:00008070       ?OnGSXUpdateComplete@CAverageView@@IAEXXZ 00409070 f   AverageView.obj
 0001:000080a0       ?OnModifyData@CAverageView@@IAEXXZ 004090a0 f   AverageView.obj
 0001:00008720       ??1CModifyData@@UAE@XZ     00409720 f i AverageView.obj
 0001:000087c0       ?OnDataProps@CAverageView@@IAEXXZ 004097c0 f   AverageView.obj
 0001:00008820       ??1CSelectedProperties@@UAE@XZ 00409820 f i AverageView.obj
 0001:00008840       ?GetSynthData@CAverageView@@UAE_NPAUtagVARIANT@@0@Z 00409840 f   AverageView.obj
 0001:00008ab0       ?CreateObject@CCalibration@@SGPAVCObject@@XZ 00409ab0 f   Calibration.obj
 0001:00008b30       ?_GetBaseClass@CCalibration@@KGPAUCRuntimeClass@@XZ 00409b30 f   Calibration.obj
 0001:00008b50       ?GetRuntimeClass@CCalibration@@UBEPAUCRuntimeClass@@XZ 00409b50 f   Calibration.obj
 0001:00008bb0       ??0AFX_CLASSINIT@@QAE@PAUCRuntimeClass@@@Z 00409bb0 f i Calibration.obj
 0001:00008be0       ??5@YGAAVCArchive@@AAV0@AAPAVCCalibration@@@Z 00409be0 f   Calibration.obj
 0001:00008c10       ?CreateObject@CMkrInfo@@SGPAVCObject@@XZ 00409c10 f   Calibration.obj
 0001:00008c90       ??0CMkrInfo@@QAE@XZ        00409c90 f i Calibration.obj
 0001:00008cc0       ??_GCMkrInfo@@UAEPAXI@Z    00409cc0 f i Calibration.obj
 0001:00008d00       ?_GetBaseClass@CMkrInfo@@KGPAUCRuntimeClass@@XZ 00409d00 f   Calibration.obj
 0001:00008d20       ?GetRuntimeClass@CMkrInfo@@UBEPAUCRuntimeClass@@XZ 00409d20 f   Calibration.obj
 0001:00008d80       ??5@YGAAVCArchive@@AAV0@AAPAVCMkrInfo@@@Z 00409d80 f   Calibration.obj
 0001:00008db0       ?Serialize@CMkrInfo@@UAEXAAVCArchive@@@Z 00409db0 f   Calibration.obj
 0001:00008e60       ?_GetBaseMessageMap@CCalibration@@KGPBUAFX_MSGMAP@@XZ 00409e60 f   Calibration.obj
 0001:00008e80       ?GetMessageMap@CCalibration@@MBEPBUAFX_MSGMAP@@XZ 00409e80 f   Calibration.obj
 0001:00008ea0       ??0CCalibration@@QAE@W4ECalType@@HPAVCMkrInfo@@@Z 00409ea0 f   Calibration.obj
 0001:00008f80       ?GetChiSquare@CCalibration@@UAENXZ 00409f80 f i Calibration.obj
 0001:00008fa0       ?SetUnitsText@CCalibration@@UAEXVCString@@@Z 00409fa0 f i Calibration.obj
 0001:00009000       ?SetFileName@CCalibration@@UAEXVCString@@@Z 0040a000 f i Calibration.obj
 0001:00009060       ?SetFilePath@CCalibration@@UAEXVCString@@@Z 0040a060 f i Calibration.obj
 0001:000090c0       ?GetFilePath@CCalibration@@UAE?AVCString@@XZ 0040a0c0 f i Calibration.obj
 0001:00009100       ?GetNumOfValues@CCalibration@@UAEHXZ 0040a100 f i Calibration.obj
 0001:00009120       ?GetMarkerInfo@CCalibration@@UAEPAVCMkrInfo@@H@Z 0040a120 f i Calibration.obj
 0001:00009150       ??_GCCalibration@@UAEPAXI@Z 0040a150 f i Calibration.obj
 0001:00009150       ??_ECCalibration@@UAEPAXI@Z 0040a150 f i Calibration.obj
 0001:00009190       ?Calibrate@CCalibration@@UAEXW4ECalType@@HPAVCMkrInfo@@@Z 0040a190 f   Calibration.obj
 0001:000094a0       ?Calibrate@CCalibration@@UAEXW4ECalType@@NNNN@Z 0040a4a0 f   Calibration.obj
 0001:00009520       ?Apply@CCalibration@@UAE_NPAUtagVARIANT@@@Z 0040a520 f   Calibration.obj
 0001:000099c0       ?PolyFit@CCalibration@@AAENHHPAN00@Z 0040a9c0 f   Calibration.obj
 0001:00009ba0       ?svdfit@CCalibration@@CAXPAN00H0HQAY05N100P6AXN0H@Z@Z 0040aba0 f   Calibration.obj
 0001:00009d60       ?svdcmp@CCalibration@@CAXQAY05NHHQAN0@Z 0040ad60 f   Calibration.obj
 0001:0000b280       ?svbksb@CCalibration@@CAXQAY05NQAN0HH11@Z 0040c280 f   Calibration.obj
 0001:0000b3b0       ?fpoly@CCalibration@@CAXNPANH@Z 0040c3b0 f   Calibration.obj
 0001:0000b410       ?Serialize@CCalibration@@UAEXAAVCArchive@@@Z 0040c410 f   Calibration.obj
 0001:0000b6f0       ??0CCalibrationTab@@QAE@PAVCWnd@@@Z 0040c6f0 f   CalibrationTab.obj
 0001:0000b780       ?SetCalCentroid@CCalibrationTab@@UAEXN@Z 0040c780 f i CalibrationTab.obj
 0001:0000b7b0       ?SetCalStartMarker@CCalibrationTab@@UAEXN@Z 0040c7b0 f i CalibrationTab.obj
 0001:0000b7e0       ?SetCalEndMarker@CCalibrationTab@@UAEXN@Z 0040c7e0 f i CalibrationTab.obj
 0001:0000b810       ??_ECCalibrationTab@@UAEPAXI@Z 0040c810 f i CalibrationTab.obj
 0001:0000b810       ??_GCCalibrationTab@@UAEPAXI@Z 0040c810 f i CalibrationTab.obj
 0001:0000b850       ??1CCalibrationTab@@UAE@XZ 0040c850 f   CalibrationTab.obj
 0001:0000b8c0       ?DoDataExchange@CCalibrationTab@@MAEXPAVCDataExchange@@@Z 0040c8c0 f   CalibrationTab.obj
 0001:0000b900       ?_GetBaseMessageMap@CCalibrationTab@@KGPBUAFX_MSGMAP@@XZ 0040c900 f   CalibrationTab.obj
 0001:0000b920       ?GetMessageMap@CCalibrationTab@@MBEPBUAFX_MSGMAP@@XZ 0040c920 f   CalibrationTab.obj
 0001:0000b940       ?OnCalView@CCalibrationTab@@IAEXXZ 0040c940 f   CalibrationTab.obj
 0001:0000b9c0       ??1CCalibrationView@@UAE@XZ 0040c9c0 f i CalibrationTab.obj
 0001:0000ba30       ?OnCalfileBrowse@CCalibrationTab@@IAEXXZ 0040ca30 f   CalibrationTab.obj
 0001:0000c190       ?OnAddCalItem@CCalibrationTab@@IAEXXZ 0040d190 f   CalibrationTab.obj
 0001:0000c550       ?GetCalObject@CCalibrationTab@@QAEPAVCCalibration@@XZ 0040d550 f i CalibrationTab.obj
 0001:0000c570       ?DeleteCalItem@CCalibrationTab@@UAEXH@Z 0040d570 f   CalibrationTab.obj
 0001:0000c7b0       ?OnDestroy@CCalibrationTab@@IAEXXZ 0040d7b0 f   CalibrationTab.obj
 0001:0000c7e0       ?OnInitDialog@CCalibrationTab@@MAEHXZ 0040d7e0 f   CalibrationTab.obj
 0001:0000c910       ?OnCalSave@CCalibrationTab@@IAEXXZ 0040d910 f   CalibrationTab.obj
 0001:0000cc50       ?OnCalClear@CCalibrationTab@@IAEXXZ 0040dc50 f   CalibrationTab.obj
 0001:0000cd80       ?OnCalApply@CCalibrationTab@@UAEXXZ 0040dd80 f   CalibrationTab.obj
 0001:0000d080       ??_ECMkrInfo@@UAEPAXI@Z    0040e080 f i CalibrationTab.obj
 0001:0000d100       ?OnRclickCallibraryList@CCalibrationTab@@IAEXPAUtagNMHDR@@PAJ@Z 0040e100 f   CalibrationTab.obj
 0001:0000d210       ?OnRightDelete@CCalibrationTab@@IAEXXZ 0040e210 f   CalibrationTab.obj
 0001:0000d240       ?OnRightUpdate@CCalibrationTab@@IAEXXZ 0040e240 f   CalibrationTab.obj
 0001:0000d4e0       ?EnableItems@CCalibrationTab@@UAEXH@Z 0040e4e0 f   CalibrationTab.obj
 0001:0000d650       ?UpdateBasedOnItems@CCalibrationTab@@UAEXXZ 0040e650 f   CalibrationTab.obj
 0001:0000d750       ?OnSelchangeCalType@CCalibrationTab@@IAEXXZ 0040e750 f   CalibrationTab.obj
 0001:0000d7f0       ?OnCancel@CCalibrationTab@@MAEXXZ 0040e7f0 f   CalibrationTab.obj
 0001:0000d810       ?OnOK@CCalibrationTab@@MAEXXZ 0040e810 f   CalibrationTab.obj
 0001:0000d830       ??0CCalibrationView@@QAE@PAVCWnd@@PAVCListCtrl@@PAVCCalibration@@@Z 0040e830 f   CalibrationView.obj
 0001:0000d920       ??_GCCalibrationView@@UAEPAXI@Z 0040e920 f i CalibrationView.obj
 0001:0000d920       ??_ECCalibrationView@@UAEPAXI@Z 0040e920 f i CalibrationView.obj
 0001:0000d960       ?DoDataExchange@CCalibrationView@@MAEXPAVCDataExchange@@@Z 0040e960 f   CalibrationView.obj
 0001:0000d9b0       ?_GetBaseMessageMap@CCalibrationView@@KGPBUAFX_MSGMAP@@XZ 0040e9b0 f   CalibrationView.obj
 0001:0000d9d0       ?GetMessageMap@CCalibrationView@@MBEPBUAFX_MSGMAP@@XZ 0040e9d0 f   CalibrationView.obj
 0001:0000d9f0       ?_GetBaseEventSinkMap@CCalibrationView@@KGPBUAFX_EVENTSINKMAP@@XZ 0040e9f0 f   CalibrationView.obj
 0001:0000da10       ?GetEventSinkMap@CCalibrationView@@MBEPBUAFX_EVENTSINKMAP@@XZ 0040ea10 f   CalibrationView.obj
 0001:0000da30       ?OnInitDialog@CCalibrationView@@MAEHXZ 0040ea30 f   CalibrationView.obj
 0001:0000dec0       ?GetValueData@CCalibrationView@@QAEXPAUtagVARIANT@@0@Z 0040eec0 f   CalibrationView.obj
 0001:0000e070       ?GetCurveData@CCalibrationView@@QAEXPAUtagVARIANT@@0@Z 0040f070 f   CalibrationView.obj
 0001:0000e240       ?OnClickCalList@CCalibrationView@@IAEXPAUtagNMHDR@@PAJ@Z 0040f240 f   CalibrationView.obj
 0001:0000e330       ?OnGSXClickGsxCtrl@CCalibrationView@@IAEXXZ 0040f330 f   CalibrationView.obj
 0001:0000e430       ?OnItemchangedCalList@CCalibrationView@@IAEXPAUtagNMHDR@@PAJ@Z 0040f430 f   CalibrationView.obj
 0001:0000e530       ??0CCompAdvanced@@QAE@PAVCWnd@@H@Z 0040f530 f   CompAdvanced.obj
 0001:0000e5e0       ??_ECCompAdvanced@@UAEPAXI@Z 0040f5e0 f i CompAdvanced.obj
 0001:0000e5e0       ??_GCCompAdvanced@@UAEPAXI@Z 0040f5e0 f i CompAdvanced.obj
 0001:0000e620       ??1CCompAdvanced@@UAE@XZ   0040f620 f i CompAdvanced.obj
 0001:0000e680       ?DoDataExchange@CCompAdvanced@@MAEXPAVCDataExchange@@@Z 0040f680 f   CompAdvanced.obj
 0001:0000e710       ?_GetBaseMessageMap@CCompAdvanced@@KGPBUAFX_MSGMAP@@XZ 0040f710 f   CompAdvanced.obj
 0001:0000e730       ?GetMessageMap@CCompAdvanced@@MBEPBUAFX_MSGMAP@@XZ 0040f730 f   CompAdvanced.obj
 0001:0000e750       ?OnInitDialog@CCompAdvanced@@MAEHXZ 0040f750 f   CompAdvanced.obj
 0001:0000e7c0       ?OnOK@CCompAdvanced@@MAEXXZ 0040f7c0 f   CompAdvanced.obj
 0001:0000e820       ??0CDataHover@@QAE@XZ      0040f820 f   DataHover.obj
 0001:0000e890       ??_GCDataHover@@UAEPAXI@Z  0040f890 f i DataHover.obj
 0001:0000e890       ??_ECDataHover@@UAEPAXI@Z  0040f890 f i DataHover.obj
 0001:0000e8d0       ??1CDataHover@@UAE@XZ      0040f8d0 f   DataHover.obj
 0001:0000e930       ?_GetBaseMessageMap@CDataHover@@KGPBUAFX_MSGMAP@@XZ 0040f930 f   DataHover.obj
 0001:0000e950       ?GetMessageMap@CDataHover@@MBEPBUAFX_MSGMAP@@XZ 0040f950 f   DataHover.obj
 0001:0000e970       ?PreCreateWindow@CDataHover@@MAEHAAUtagCREATESTRUCTA@@@Z 0040f970 f   DataHover.obj
 0001:0000e9a0       ?Create@CDataHover@@UAE_NXZ 0040f9a0 f   DataHover.obj
 0001:0000ea30       ?GetWindowSize@CDataHover@@UAEXPAVCRect@@VCString@@@Z 0040fa30 f   DataHover.obj
 0001:0000eb90       ?OnPaint@CDataHover@@IAEXXZ 0040fb90 f   DataHover.obj
 0001:0000ecd0       ?OnNcHitTest@CDataHover@@IAEIVCPoint@@@Z 0040fcd0 f   DataHover.obj
 0001:0000ecf0       ?_GetBaseMessageMap@CEclipseApp@@KGPBUAFX_MSGMAP@@XZ 0040fcf0 f   Eclipse.obj
 0001:0000ed10       ?GetMessageMap@CEclipseApp@@MBEPBUAFX_MSGMAP@@XZ 0040fd10 f   Eclipse.obj
 0001:0000ed30       ??0CEclipseApp@@QAE@XZ     0040fd30 f   Eclipse.obj
 0001:0000eda0       ?GetMode@CEclipseApp@@UAEHXZ 0040fda0 f i Eclipse.obj
 0001:0000edc0       ?GetIsDSPPresent@CEclipseApp@@UAE_NXZ 0040fdc0 f i Eclipse.obj
 0001:0000ede0       ?SetIsDSPPresent@CEclipseApp@@UAEX_N@Z 0040fde0 f i Eclipse.obj
 0001:0000ee10       ?GetIsInstrumentPresent@CEclipseApp@@UAE_NXZ 0040fe10 f i Eclipse.obj
 0001:0000ee30       ?SetIsInstrumentPresent@CEclipseApp@@UAEX_N@Z 0040fe30 f i Eclipse.obj
 0001:0000ee60       ?GetXAxisText@CEclipseApp@@UAE?AVCString@@XZ 0040fe60 f i Eclipse.obj
 0001:0000eea0       ?SetXAxisText@CEclipseApp@@UAEXVCString@@@Z 0040fea0 f i Eclipse.obj
 0001:0000ef00       ?SetLastPropPageInitialize@CEclipseApp@@UAEXPAVCPropertyPage@@@Z 0040ff00 f i Eclipse.obj
 0001:0000ef30       ?GetLastPropPageInitialize@CEclipseApp@@UAEPAVCPropertyPage@@XZ 0040ff30 f i Eclipse.obj
 0001:0000ef50       ??_ECEclipseApp@@UAEPAXI@Z 0040ff50 f i Eclipse.obj
 0001:0000ef50       ??_GCEclipseApp@@UAEPAXI@Z 0040ff50 f i Eclipse.obj
 0001:0000ef90       ??1CEclipseApp@@UAE@XZ     0040ff90 f i Eclipse.obj
 0001:0000f070       ?InitInstance@CEclipseApp@@UAEHXZ 00410070 f   Eclipse.obj
 0001:0000fa00       ?SetTrendView@CMainFrame@@QAEXPAVCTrendView@@@Z 00410a00 f i Eclipse.obj
 0001:0000fa30       ?SetAverageView@CMainFrame@@QAEXPAVCAverageView@@@Z 00410a30 f i Eclipse.obj
 0001:0000fa60       ?GetSplitter@CMainFrame@@QAEPAVCSplitterWnd@@XZ 00410a60 f i Eclipse.obj
 0001:0000fa80       ?ExitInstance@CEclipseApp@@UAEHXZ 00410a80 f   Eclipse.obj
 0001:0000fac0       ?GetDataDir@CEclipseApp@@UAE?AVCString@@XZ 00410ac0 f   Eclipse.obj
 0001:0000fb10       ?SetDataDir@CEclipseApp@@UAEXVCString@@@Z 00410b10 f   Eclipse.obj
 0001:0000fb80       ?GetLastCalPath@CEclipseApp@@UAE?AVCString@@XZ 00410b80 f   Eclipse.obj
 0001:0000fbd0       ?SetLastCalPath@CEclipseApp@@UAEXVCString@@@Z 00410bd0 f   Eclipse.obj
 0001:0000fc40       ?GetLastOpenPath@CEclipseApp@@UAE?AVCString@@XZ 00410c40 f   Eclipse.obj
 0001:0000fc90       ?SetLastOpenPath@CEclipseApp@@UAEXVCString@@@Z 00410c90 f   Eclipse.obj
 0001:0000fd00       ?GetProt0CalPath@CEclipseApp@@UAE?AVCString@@XZ 00410d00 f   Eclipse.obj
 0001:0000fd50       ?SetProt0CalPath@CEclipseApp@@UAEXVCString@@@Z 00410d50 f   Eclipse.obj
 0001:0000fdc0       ?GetProt1CalPath@CEclipseApp@@UAE?AVCString@@XZ 00410dc0 f   Eclipse.obj
 0001:0000fe10       ?SetProt1CalPath@CEclipseApp@@UAEXVCString@@@Z 00410e10 f   Eclipse.obj
 0001:0000fe80       ?GetProt2CalPath@CEclipseApp@@UAE?AVCString@@XZ 00410e80 f   Eclipse.obj
 0001:0000fed0       ?SetProt2CalPath@CEclipseApp@@UAEXVCString@@@Z 00410ed0 f   Eclipse.obj
 0001:0000ff40       ?GetProt3CalPath@CEclipseApp@@UAE?AVCString@@XZ 00410f40 f   Eclipse.obj
 0001:0000ff90       ?SetProt3CalPath@CEclipseApp@@UAEXVCString@@@Z 00410f90 f   Eclipse.obj
 0001:00010000       ?GetProt4CalPath@CEclipseApp@@UAE?AVCString@@XZ 00411000 f   Eclipse.obj
 0001:00010050       ?SetProt4CalPath@CEclipseApp@@UAEXVCString@@@Z 00411050 f   Eclipse.obj
 0001:000100c0       ?GetProt5CalPath@CEclipseApp@@UAE?AVCString@@XZ 004110c0 f   Eclipse.obj
 0001:00010110       ?SetProt5CalPath@CEclipseApp@@UAEXVCString@@@Z 00411110 f   Eclipse.obj
 0001:00010180       ?GetProt6CalPath@CEclipseApp@@UAE?AVCString@@XZ 00411180 f   Eclipse.obj
 0001:000101d0       ?SetProt6CalPath@CEclipseApp@@UAEXVCString@@@Z 004111d0 f   Eclipse.obj
 0001:00010240       ?GetProt7CalPath@CEclipseApp@@UAE?AVCString@@XZ 00411240 f   Eclipse.obj
 0001:00010290       ?SetProt7CalPath@CEclipseApp@@UAEXVCString@@@Z 00411290 f   Eclipse.obj
 0001:00010300       ?GetCalState@CEclipseApp@@UAEHXZ 00411300 f   Eclipse.obj
 0001:00010330       ?SetCalState@CEclipseApp@@UAEXH@Z 00411330 f   Eclipse.obj
 0001:00010360       ?GetLastMode@CEclipseApp@@UAEHXZ 00411360 f   Eclipse.obj
 0001:00010390       ?SetLastMode@CEclipseApp@@UAEXH@Z 00411390 f   Eclipse.obj
 0001:000103c0       ?GetLastRealTime@CEclipseApp@@UAEHXZ 004113c0 f   Eclipse.obj
 0001:000103f0       ?SetLastRealTime@CEclipseApp@@UAEXH@Z 004113f0 f   Eclipse.obj
 0001:00010420       ?GetCurrentViewProtocol@CEclipseApp@@UAEHXZ 00411420 f   Eclipse.obj
 0001:00010450       ?SetCurrentViewProtocol@CEclipseApp@@UAEXH@Z 00411450 f   Eclipse.obj
 0001:00010480       ?GetFilename@CEclipseApp@@UAE?AVCString@@XZ 00411480 f   Eclipse.obj
 0001:000104d0       ?SetFilename@CEclipseApp@@UAEXVCString@@@Z 004114d0 f   Eclipse.obj
 0001:00010540       ?GetFilePath@CEclipseApp@@UAE?AVCString@@XZ 00411540 f   Eclipse.obj
 0001:00010590       ?SetFilePath@CEclipseApp@@UAEXVCString@@@Z 00411590 f   Eclipse.obj
 0001:00010600       ?GetFileOperator@CEclipseApp@@UAEHXZ 00411600 f   Eclipse.obj
 0001:00010630       ?SetFileOperator@CEclipseApp@@UAEXH@Z 00411630 f   Eclipse.obj
 0001:00010660       ?GetIsCombineFile@CEclipseApp@@UAEHXZ 00411660 f   Eclipse.obj
 0001:00010690       ?SetIsCombineFile@CEclipseApp@@UAEXH@Z 00411690 f   Eclipse.obj
 0001:000106c0       ?GetConstValue@CEclipseApp@@UAE?AVCString@@XZ 004116c0 f   Eclipse.obj
 0001:00010710       ?SetConstValue@CEclipseApp@@UAEXVCString@@@Z 00411710 f   Eclipse.obj
 0001:00010780       ?GetConstOperator@CEclipseApp@@UAEHXZ 00411780 f   Eclipse.obj
 0001:000107b0       ?SetConstOperator@CEclipseApp@@UAEXH@Z 004117b0 f   Eclipse.obj
 0001:000107e0       ?GetIsApplyConst@CEclipseApp@@UAEHXZ 004117e0 f   Eclipse.obj
 0001:00010810       ?SetIsApplyConst@CEclipseApp@@UAEXH@Z 00411810 f   Eclipse.obj
 0001:00010840       ?GetAnalysisMeasurement1Name@CEclipseApp@@UAE?AVCString@@XZ 00411840 f   Eclipse.obj
 0001:00010890       ?SetAnalysisMeasurement1Name@CEclipseApp@@UAEXVCString@@@Z 00411890 f   Eclipse.obj
 0001:00010900       ?GetAnalysisMeasurement2Name@CEclipseApp@@UAE?AVCString@@XZ 00411900 f   Eclipse.obj
 0001:00010950       ?SetAnalysisMeasurement2Name@CEclipseApp@@UAEXVCString@@@Z 00411950 f   Eclipse.obj
 0001:000109c0       ?GetAnalysisMeasurement3Name@CEclipseApp@@UAE?AVCString@@XZ 004119c0 f   Eclipse.obj
 0001:00010a10       ?SetAnalysisMeasurement3Name@CEclipseApp@@UAEXVCString@@@Z 00411a10 f   Eclipse.obj
 0001:00010a80       ?GetAnalysisMeasurement4Name@CEclipseApp@@UAE?AVCString@@XZ 00411a80 f   Eclipse.obj
 0001:00010ad0       ?SetAnalysisMeasurement4Name@CEclipseApp@@UAEXVCString@@@Z 00411ad0 f   Eclipse.obj
 0001:00010b40       ?GetProt0PPR@CEclipseApp@@UAEHXZ 00411b40 f   Eclipse.obj
 0001:00010b70       ?SetProt0PPR@CEclipseApp@@UAEXH@Z 00411b70 f   Eclipse.obj
 0001:00010ba0       ?GetProt1PPR@CEclipseApp@@UAEHXZ 00411ba0 f   Eclipse.obj
 0001:00010bd0       ?SetProt1PPR@CEclipseApp@@UAEXH@Z 00411bd0 f   Eclipse.obj
 0001:00010c00       ?GetProt2PPR@CEclipseApp@@UAEHXZ 00411c00 f   Eclipse.obj
 0001:00010c30       ?SetProt2PPR@CEclipseApp@@UAEXH@Z 00411c30 f   Eclipse.obj
 0001:00010c60       ?SetProt3PPR@CEclipseApp@@UAEXH@Z 00411c60 f   Eclipse.obj
 0001:00010c90       ?GetProt3PPR@CEclipseApp@@UAEHXZ 00411c90 f   Eclipse.obj
 0001:00010cc0       ?SetProt4PPR@CEclipseApp@@UAEXH@Z 00411cc0 f   Eclipse.obj
 0001:00010cf0       ?GetProt4PPR@CEclipseApp@@UAEHXZ 00411cf0 f   Eclipse.obj
 0001:00010d20       ?SetProt5PPR@CEclipseApp@@UAEXH@Z 00411d20 f   Eclipse.obj
 0001:00010d50       ?GetProt5PPR@CEclipseApp@@UAEHXZ 00411d50 f   Eclipse.obj
 0001:00010d80       ?SetProt6PPR@CEclipseApp@@UAEXH@Z 00411d80 f   Eclipse.obj
 0001:00010db0       ?GetProt6PPR@CEclipseApp@@UAEHXZ 00411db0 f   Eclipse.obj
 0001:00010de0       ?SetProt7PPR@CEclipseApp@@UAEXH@Z 00411de0 f   Eclipse.obj
 0001:00010e10       ?GetProt7PPR@CEclipseApp@@UAEHXZ 00411e10 f   Eclipse.obj
 0001:00010e40       ?GetIsMaxTimeUsed@CEclipseApp@@UAEHXZ 00411e40 f   Eclipse.obj
 0001:00010e70       ?SetIsMaxTimeUsed@CEclipseApp@@UAEXH@Z 00411e70 f   Eclipse.obj
 0001:00010ea0       ?GetIsMaxNumberUsed@CEclipseApp@@UAEHXZ 00411ea0 f   Eclipse.obj
 0001:00010ed0       ?SetIsMaxNumberUsed@CEclipseApp@@UAEXH@Z 00411ed0 f   Eclipse.obj
 0001:00010f00       ?GetMaxNumber@CEclipseApp@@UAEHXZ 00411f00 f   Eclipse.obj
 0001:00010f30       ?SetMaxNumber@CEclipseApp@@UAEXH@Z 00411f30 f   Eclipse.obj
 0001:00010f60       ?GetMaxTime@CEclipseApp@@UAEHXZ 00411f60 f   Eclipse.obj
 0001:00010f90       ?SetMaxTime@CEclipseApp@@UAEXH@Z 00411f90 f   Eclipse.obj
 0001:00010fc0       ?SetMode@CEclipseApp@@UAEXH@Z 00411fc0 f   Eclipse.obj
 0001:00011550       ?GetTrendView@CMainFrame@@QAEPAVCTrendView@@XZ 00412550 f i Eclipse.obj
 0001:00011570       ?GetVersion@CEclipseApp@@UAE?AVCString@@XZ 00412570 f   Eclipse.obj
 0001:000117c0       ??0CAboutDlg@@QAE@XZ       004127c0 f   Eclipse.obj
 0001:000117f0       ??_GCAboutDlg@@UAEPAXI@Z   004127f0 f i Eclipse.obj
 0001:000117f0       ??_ECAboutDlg@@UAEPAXI@Z   004127f0 f i Eclipse.obj
 0001:00011830       ??1CAboutDlg@@UAE@XZ       00412830 f i Eclipse.obj
 0001:00011850       ?DoDataExchange@CAboutDlg@@MAEXPAVCDataExchange@@@Z 00412850 f   Eclipse.obj
 0001:00011880       ?_GetBaseMessageMap@CAboutDlg@@KGPBUAFX_MSGMAP@@XZ 00412880 f   Eclipse.obj
 0001:000118a0       ?GetMessageMap@CAboutDlg@@MBEPBUAFX_MSGMAP@@XZ 004128a0 f   Eclipse.obj
 0001:000118c0       ?OnAppAbout@CEclipseApp@@QAEXXZ 004128c0 f   Eclipse.obj
 0001:00011920       ?OnInitDialog@CAboutDlg@@MAEHXZ 00412920 f   Eclipse.obj
 0001:00011c60       ?PreTranslateMessage@CEclipseApp@@UAEHPAUtagMSG@@@Z 00412c60 f   Eclipse.obj
 0001:00011ca0       ?CreateObject@CEclipseDoc@@SGPAVCObject@@XZ 00412ca0 f   EclipseDoc.obj
 0001:00011d20       ?_GetBaseClass@CEclipseDoc@@KGPAUCRuntimeClass@@XZ 00412d20 f   EclipseDoc.obj
 0001:00011d40       ?GetRuntimeClass@CEclipseDoc@@UBEPAUCRuntimeClass@@XZ 00412d40 f   EclipseDoc.obj
 0001:00011d60       ?_GetBaseMessageMap@CEclipseDoc@@KGPBUAFX_MSGMAP@@XZ 00412d60 f   EclipseDoc.obj
 0001:00011d80       ?GetMessageMap@CEclipseDoc@@MBEPBUAFX_MSGMAP@@XZ 00412d80 f   EclipseDoc.obj
 0001:00011da0       ??0CEclipseDoc@@IAE@XZ     00412da0 f   EclipseDoc.obj
 0001:00011dd0       ??_ECEclipseDoc@@UAEPAXI@Z 00412dd0 f i EclipseDoc.obj
 0001:00011dd0       ??_GCEclipseDoc@@UAEPAXI@Z 00412dd0 f i EclipseDoc.obj
 0001:00011e10       ??1CEclipseDoc@@UAE@XZ     00412e10 f   EclipseDoc.obj
 0001:00011e40       ?OnNewDocument@CEclipseDoc@@UAEHXZ 00412e40 f   EclipseDoc.obj
 0001:00011e70       ?Serialize@CEclipseDoc@@UAEXAAVCArchive@@@Z 00412e70 f   EclipseDoc.obj
 0001:00011e90       ?AssertValid@CEclipseDoc@@UBEXXZ 00412e90 f   EclipseDoc.obj
 0001:00011eb0       ?Dump@CEclipseDoc@@UBEXAAVCDumpContext@@@Z 00412eb0 f   EclipseDoc.obj
 0001:00011ee0       ?AnsiToUnicode@CEclipseDoc@@SAJPBDPAPAG@Z 00412ee0 f   EclipseDoc.obj
 0001:00011fb0       ??0CFloatEdit@@QAE@XZ      00412fb0 f   FloatEdit.obj
 0001:00011fe0       ?DoNotAllowNegative@CFloatEdit@@UAEXXZ 00412fe0 f i FloatEdit.obj
 0001:00012000       ??_GCFloatEdit@@UAEPAXI@Z  00413000 f i FloatEdit.obj
 0001:00012000       ??_ECFloatEdit@@UAEPAXI@Z  00413000 f i FloatEdit.obj
 0001:00012040       ??1CFloatEdit@@UAE@XZ      00413040 f   FloatEdit.obj
 0001:00012070       ?_GetBaseMessageMap@CFloatEdit@@KGPBUAFX_MSGMAP@@XZ 00413070 f   FloatEdit.obj
 0001:00012090       ?GetMessageMap@CFloatEdit@@MBEPBUAFX_MSGMAP@@XZ 00413090 f   FloatEdit.obj
 0001:000120b0       ?OnChar@CFloatEdit@@IAEXIII@Z 004130b0 f   FloatEdit.obj
 0001:000121a0       ??0CGraphProperties@@QAE@PAVCWnd@@PAVCGSX2@@_N@Z 004131a0 f   GraphProperties.obj
 0001:000122b0       ??_ECGraphProperties@@UAEPAXI@Z 004132b0 f i GraphProperties.obj
 0001:000122b0       ??_GCGraphProperties@@UAEPAXI@Z 004132b0 f i GraphProperties.obj
 0001:000122f0       ?DoDataExchange@CGraphProperties@@MAEXPAVCDataExchange@@@Z 004132f0 f   GraphProperties.obj
 0001:000123a0       ?_GetBaseMessageMap@CGraphProperties@@KGPBUAFX_MSGMAP@@XZ 004133a0 f   GraphProperties.obj
 0001:000123c0       ?GetMessageMap@CGraphProperties@@MBEPBUAFX_MSGMAP@@XZ 004133c0 f   GraphProperties.obj
 0001:000123e0       ?OnInitDialog@CGraphProperties@@MAEHXZ 004133e0 f   GraphProperties.obj
 0001:00012920       ?OnSymbols@CGraphProperties@@IAEXXZ 00413920 f   GraphProperties.obj
 0001:00012a40       ?OnSelchangeSymbolsColor@CGraphProperties@@IAEXXZ 00413a40 f   GraphProperties.obj
 0001:00012ab0       ?OnSelchangeSymbolsType@CGraphProperties@@IAEXXZ 00413ab0 f   GraphProperties.obj
 0001:00012b20       ?OnHScroll@CGraphProperties@@IAEXIIPAVCScrollBar@@@Z 00413b20 f   GraphProperties.obj
 0001:00012d00       ?OnLines@CGraphProperties@@IAEXXZ 00413d00 f   GraphProperties.obj
 0001:00012de0       ?OnSelchangeLinesColor@CGraphProperties@@IAEXXZ 00413de0 f   GraphProperties.obj
 0001:00012e50       ?OnSelchangeLinesWidth@CGraphProperties@@IAEXXZ 00413e50 f   GraphProperties.obj
 0001:00012ec0       ?OnGrid@CGraphProperties@@IAEXXZ 00413ec0 f   GraphProperties.obj
 0001:00012f70       ?OnSelchangeGridColor@CGraphProperties@@IAEXXZ 00413f70 f   GraphProperties.obj
 0001:00012fe0       ?OnSelchangeAxisColor@CGraphProperties@@IAEXXZ 00413fe0 f   GraphProperties.obj
 0001:00013050       ?OnAxisLog@CGraphProperties@@IAEXXZ 00414050 f   GraphProperties.obj
 0001:000130c0       ?OnUpdateAxisXtext@CGraphProperties@@IAEXXZ 004140c0 f   GraphProperties.obj
 0001:000131a0       ?OnUpdateAxisYtext@CGraphProperties@@IAEXXZ 004141a0 f   GraphProperties.obj
 0001:00013280       ?OnSelchangeBkgColor@CGraphProperties@@IAEXXZ 00414280 f   GraphProperties.obj
 0001:00013310       ?OnOverlayPropsButton@CGraphProperties@@IAEXXZ 00414310 f   GraphProperties.obj
 0001:00013390       ??1COverlayProps@@UAE@XZ   00414390 f i GraphProperties.obj
 0001:000133f0       ?CreateObject@CGSX2@@SGPAVCObject@@XZ 004143f0 f   gsx2.obj
 0001:00013460       ?_GetBaseClass@CGSX2@@KGPAUCRuntimeClass@@XZ 00414460 f   gsx2.obj
 0001:00013480       ?GetRuntimeClass@CGSX2@@UBEPAUCRuntimeClass@@XZ 00414480 f   gsx2.obj
 0001:000134a0       ?GetBatchMode@CGSX2@@QAEHXZ 004144a0 f   gsx2.obj
 0001:000134d0       ?SetBatchMode@CGSX2@@QAEXH@Z 004144d0 f   gsx2.obj
 0001:00013500       ?GetLegendState@CGSX2@@QAEHXZ 00414500 f   gsx2.obj
 0001:00013530       ?SetLegendState@CGSX2@@QAEXH@Z 00414530 f   gsx2.obj
 0001:00013560       ?GetAxisXText@CGSX2@@QAE?AVCString@@XZ 00414560 f   gsx2.obj
 0001:000135e0       ?SetAxisXText@CGSX2@@QAEXPBD@Z 004145e0 f   gsx2.obj
 0001:00013610       ?GetAxisYText@CGSX2@@QAE?AVCString@@XZ 00414610 f   gsx2.obj
 0001:00013690       ?SetAxisYText@CGSX2@@QAEXPBD@Z 00414690 f   gsx2.obj
 0001:000136c0       ?GetAxisColor@CGSX2@@QAEJXZ 004146c0 f   gsx2.obj
 0001:000136f0       ?SetAxisColor@CGSX2@@QAEXJ@Z 004146f0 f   gsx2.obj
 0001:00013720       ?GetGridState@CGSX2@@QAEHXZ 00414720 f   gsx2.obj
 0001:00013750       ?SetGridState@CGSX2@@QAEXH@Z 00414750 f   gsx2.obj
 0001:00013780       ?GetGridColor@CGSX2@@QAEJXZ 00414780 f   gsx2.obj
 0001:000137b0       ?SetGridColor@CGSX2@@QAEXJ@Z 004147b0 f   gsx2.obj
 0001:000137e0       ?GetPlotAreaColor@CGSX2@@QAEJXZ 004147e0 f   gsx2.obj
 0001:00013810       ?SetPlotAreaColor@CGSX2@@QAEXJ@Z 00414810 f   gsx2.obj
 0001:00013840       ?GetAxisXLog@CGSX2@@QAEHXZ 00414840 f   gsx2.obj
 0001:00013870       ?SetAxisXLog@CGSX2@@QAEXH@Z 00414870 f   gsx2.obj
 0001:000138a0       ?GetAxisYLog@CGSX2@@QAEHXZ 004148a0 f   gsx2.obj
 0001:000138d0       ?SetAxisYLog@CGSX2@@QAEXH@Z 004148d0 f   gsx2.obj
 0001:00013900       ?GetTitleText@CGSX2@@QAE?AVCString@@XZ 00414900 f   gsx2.obj
 0001:00013980       ?SetTitleText@CGSX2@@QAEXPBD@Z 00414980 f   gsx2.obj
 0001:000139b0       ?GetTitleTextColor@CGSX2@@QAEJXZ 004149b0 f   gsx2.obj
 0001:000139e0       ?SetTitleTextColor@CGSX2@@QAEXJ@Z 004149e0 f   gsx2.obj
 0001:00013a10       ?GetTitleBackgroundColor@CGSX2@@QAEJXZ 00414a10 f   gsx2.obj
 0001:00013a40       ?SetTitleBackgroundColor@CGSX2@@QAEXJ@Z 00414a40 f   gsx2.obj
 0001:00013a70       ?GetTitleBorder@CGSX2@@QAEJXZ 00414a70 f   gsx2.obj
 0001:00013aa0       ?SetTitleBorder@CGSX2@@QAEXJ@Z 00414aa0 f   gsx2.obj
 0001:00013ad0       ?GetLegendTextColor@CGSX2@@QAEJXZ 00414ad0 f   gsx2.obj
 0001:00013b00       ?SetLegendTextColor@CGSX2@@QAEXJ@Z 00414b00 f   gsx2.obj
 0001:00013b30       ?GetLegendBackgroundColor@CGSX2@@QAEJXZ 00414b30 f   gsx2.obj
 0001:00013b60       ?SetLegendBackgroundColor@CGSX2@@QAEXJ@Z 00414b60 f   gsx2.obj
 0001:00013b90       ?GetLegendBorder@CGSX2@@QAEJXZ 00414b90 f   gsx2.obj
 0001:00013bc0       ?SetLegendBorder@CGSX2@@QAEXJ@Z 00414bc0 f   gsx2.obj
 0001:00013bf0       ?GetInternalZoom@CGSX2@@QAEHXZ 00414bf0 f   gsx2.obj
 0001:00013c20       ?SetInternalZoom@CGSX2@@QAEXH@Z 00414c20 f   gsx2.obj
 0001:00013c50       ?GetNumberOfSeries@CGSX2@@QAEJXZ 00414c50 f   gsx2.obj
 0001:00013c80       ?SetNumberOfSeries@CGSX2@@QAEXJ@Z 00414c80 f   gsx2.obj
 0001:00013cb0       ?GetScrollBar@CGSX2@@QAEHXZ 00414cb0 f   gsx2.obj
 0001:00013ce0       ?SetScrollBar@CGSX2@@QAEXH@Z 00414ce0 f   gsx2.obj
 0001:00013d10       ?GetAutoScale@CGSX2@@QAEHXZ 00414d10 f   gsx2.obj
 0001:00013d40       ?SetAutoScale@CGSX2@@QAEXH@Z 00414d40 f   gsx2.obj
 0001:00013d70       ?GetShowActiveGraph@CGSX2@@QAEHXZ 00414d70 f   gsx2.obj
 0001:00013da0       ?SetShowActiveGraph@CGSX2@@QAEXH@Z 00414da0 f   gsx2.obj
 0001:00013dd0       ?GetActiveGraph@CGSX2@@QAEHXZ 00414dd0 f   gsx2.obj
 0001:00013e00       ?SetActiveGraph@CGSX2@@QAEXH@Z 00414e00 f   gsx2.obj
 0001:00013e30       ?GetInternalMarker@CGSX2@@QAEHXZ 00414e30 f   gsx2.obj
 0001:00013e60       ?SetInternalMarker@CGSX2@@QAEXH@Z 00414e60 f   gsx2.obj
 0001:00013e90       ?GetStartMarkerPos@CGSX2@@QAENXZ 00414e90 f   gsx2.obj
 0001:00013ec0       ?SetStartMarkerPos@CGSX2@@QAEXN@Z 00414ec0 f   gsx2.obj
 0001:00013ef0       ?GetEndMarkerPos@CGSX2@@QAENXZ 00414ef0 f   gsx2.obj
 0001:00013f20       ?SetEndMarkerPos@CGSX2@@QAEXN@Z 00414f20 f   gsx2.obj
 0001:00013f50       ?GetActiveTool@CGSX2@@QAEFXZ 00414f50 f   gsx2.obj
 0001:00013f80       ?SetActiveTool@CGSX2@@QAEXF@Z 00414f80 f   gsx2.obj
 0001:00013fb0       ?GetSmooth@CGSX2@@QAEFXZ   00414fb0 f   gsx2.obj
 0001:00013fe0       ?SetSmooth@CGSX2@@QAEXF@Z  00414fe0 f   gsx2.obj
 0001:00014010       ?GetAxisXMin@CGSX2@@QAENXZ 00415010 f   gsx2.obj
 0001:00014040       ?SetAxisXMin@CGSX2@@QAEXN@Z 00415040 f   gsx2.obj
 0001:00014070       ?GetAxisXMax@CGSX2@@QAENXZ 00415070 f   gsx2.obj
 0001:000140a0       ?SetAxisXMax@CGSX2@@QAEXN@Z 004150a0 f   gsx2.obj
 0001:000140d0       ?GetAxisYMin@CGSX2@@QAENXZ 004150d0 f   gsx2.obj
 0001:00014100       ?SetAxisYMin@CGSX2@@QAEXN@Z 00415100 f   gsx2.obj
 0001:00014130       ?GetAxisYMax@CGSX2@@QAENXZ 00415130 f   gsx2.obj
 0001:00014160       ?SetAxisYMax@CGSX2@@QAEXN@Z 00415160 f   gsx2.obj
 0001:00014190       ?GetInternalGain@CGSX2@@QAEHXZ 00415190 f   gsx2.obj
 0001:000141c0       ?SetInternalGain@CGSX2@@QAEXH@Z 004151c0 f   gsx2.obj
 0001:000141f0       ?GetGainValue@CGSX2@@QAENXZ 004151f0 f   gsx2.obj
 0001:00014220       ?SetGainValue@CGSX2@@QAEXN@Z 00415220 f   gsx2.obj
 0001:00014250       ?GetChartAreaColor@CGSX2@@QAEJXZ 00415250 f   gsx2.obj
 0001:00014280       ?SetChartAreaColor@CGSX2@@QAEXJ@Z 00415280 f   gsx2.obj
 0001:000142b0       ?GetMarkerHorzLine@CGSX2@@QAEHXZ 004152b0 f   gsx2.obj
 0001:000142e0       ?SetMarkerHorzLine@CGSX2@@QAEXH@Z 004152e0 f   gsx2.obj
 0001:00014310       ?GetHorzLine1State@CGSX2@@QAEHXZ 00415310 f   gsx2.obj
 0001:00014340       ?SetHorzLine1State@CGSX2@@QAEXH@Z 00415340 f   gsx2.obj
 0001:00014370       ?GetHorzLine2State@CGSX2@@QAEHXZ 00415370 f   gsx2.obj
 0001:000143a0       ?SetHorzLine2State@CGSX2@@QAEXH@Z 004153a0 f   gsx2.obj
 0001:000143d0       ?GetHorzLine1Color@CGSX2@@QAEJXZ 004153d0 f   gsx2.obj
 0001:00014400       ?SetHorzLine1Color@CGSX2@@QAEXJ@Z 00415400 f   gsx2.obj
 0001:00014430       ?GetHorzLine2Color@CGSX2@@QAEJXZ 00415430 f   gsx2.obj
 0001:00014460       ?SetHorzLine2Color@CGSX2@@QAEXJ@Z 00415460 f   gsx2.obj
 0001:00014490       ?Size@CGSX2@@QAEXJJJJ@Z    00415490 f   gsx2.obj
 0001:000144d0       ?GetVersion@CGSX2@@QAEMXZ  004154d0 f   gsx2.obj
 0001:00014500       ?CopyToClipboard@CGSX2@@QAEXXZ 00415500 f   gsx2.obj
 0001:00014530       ?ReDraw@CGSX2@@QAEXXZ      00415530 f   gsx2.obj
 0001:00014560       ?SetDefaultAxis@CGSX2@@QAEXXZ 00415560 f   gsx2.obj
 0001:00014590       ?Print@CGSX2@@QAEXJJJJ@Z   00415590 f   gsx2.obj
 0001:000145d0       ?DrawToDC@CGSX2@@QAEHJJJJJ@Z 004155d0 f   gsx2.obj
 0001:00014620       ?AddLegendText@CGSX2@@QAEXPBD@Z 00415620 f   gsx2.obj
 0001:00014660       ?RemoveLegendText@CGSX2@@QAEXH@Z 00415660 f   gsx2.obj
 0001:000146a0       ?GetDataLineColor@CGSX2@@QAEJJ@Z 004156a0 f   gsx2.obj
 0001:000146e0       ?SetDataLineColor@CGSX2@@QAEXJJ@Z 004156e0 f   gsx2.obj
 0001:00014720       ?GetDataLineWidth@CGSX2@@QAEJJ@Z 00415720 f   gsx2.obj
 0001:00014760       ?SetDataLineWidth@CGSX2@@QAEXJJ@Z 00415760 f   gsx2.obj
 0001:000147a0       ?GetDataSymbol@CGSX2@@QAEJJ@Z 004157a0 f   gsx2.obj
 0001:000147e0       ?SetDataSymbol@CGSX2@@QAEXJJ@Z 004157e0 f   gsx2.obj
 0001:00014820       ?GetDataSymbolSize@CGSX2@@QAEJJ@Z 00415820 f   gsx2.obj
 0001:00014860       ?SetDataSymbolSize@CGSX2@@QAEXJJ@Z 00415860 f   gsx2.obj
 0001:000148a0       ?GetDataSymbolColor@CGSX2@@QAEJJ@Z 004158a0 f   gsx2.obj
 0001:000148e0       ?SetDataSymbolColor@CGSX2@@QAEXJJ@Z 004158e0 f   gsx2.obj
 0001:00014920       ?ScaleDataToPixel@CGSX2@@QAEXNNPAJ0@Z 00415920 f   gsx2.obj
 0001:00014970       ?ZoomXAxisIn@CGSX2@@QAEXXZ 00415970 f   gsx2.obj
 0001:000149a0       ?ZoomXAxisOut@CGSX2@@QAEXXZ 004159a0 f   gsx2.obj
 0001:000149d0       ?ZoomYAxisIn@CGSX2@@QAEXXZ 004159d0 f   gsx2.obj
 0001:00014a00       ?ZoomYAxisOut@CGSX2@@QAEXXZ 00415a00 f   gsx2.obj
 0001:00014a30       ?ScalePixelToData@CGSX2@@QAEHJJPAN0@Z 00415a30 f   gsx2.obj
 0001:00014a80       ?GetDataLine@CGSX2@@QAEJJ@Z 00415a80 f   gsx2.obj
 0001:00014ac0       ?SetDataLine@CGSX2@@QAEXJJ@Z 00415ac0 f   gsx2.obj
 0001:00014b00       ?ScalePixelToDataIndex@CGSX2@@QAEHJJJPAJH@Z 00415b00 f   gsx2.obj
 0001:00014b50       ?ZoomYAxisAuto@CGSX2@@QAEXXZ 00415b50 f   gsx2.obj
 0001:00014b80       ?GetStartMarkerIndex@CGSX2@@QAEJJ@Z 00415b80 f   gsx2.obj
 0001:00014bc0       ?GetEndMarkerIndex@CGSX2@@QAEJJ@Z 00415bc0 f   gsx2.obj
 0001:00014c00       ?GetAnalysisFromSelection@CGSX2@@QAEJJPAN00@Z 00415c00 f   gsx2.obj
 0001:00014c50       ?GetYValueFromIndex@CGSX2@@QAENJJH@Z 00415c50 f   gsx2.obj
 0001:00014c90       ?GetYValueFromXValue@CGSX2@@QAENJN@Z 00415c90 f   gsx2.obj
 0001:00014cd0       ?GetXValueFromIndex@CGSX2@@QAENJJH@Z 00415cd0 f   gsx2.obj
 0001:00014d10       ?GetDisplaySeries@CGSX2@@QAEHJ@Z 00415d10 f   gsx2.obj
 0001:00014d50       ?SetDisplaySeries@CGSX2@@QAEXJH@Z 00415d50 f   gsx2.obj
 0001:00014d90       ?ClearData@CGSX2@@QAEXJ@Z  00415d90 f   gsx2.obj
 0001:00014dd0       ?SetDataEx@CGSX2@@QAEHPAUtagVARIANT@@0JH@Z 00415dd0 f   gsx2.obj
 0001:00014e20       ?HorzLine1@CGSX2@@QAEXNHH@Z 00415e20 f   gsx2.obj
 0001:00014e60       ?HorzLine2@CGSX2@@QAEXNHH@Z 00415e60 f   gsx2.obj
 0001:00014ea0       ?AboutBox@CGSX2@@QAEXXZ    00415ea0 f   gsx2.obj
 0001:00014ed0       ?GetTimePreset@IICSGP@@QAEJXZ 00415ed0 f   ics.obj
 0001:00014f00       ?SetTimePreset@IICSGP@@QAEXJ@Z 00415f00 f   ics.obj
 0001:00014f30       ?GetRps@IICSGP@@QAEHXZ     00415f30 f   ics.obj
 0001:00014f60       ?SetRps@IICSGP@@QAEXH@Z    00415f60 f   ics.obj
 0001:00014f90       ?GetProtocol@IICSGP@@QAEFXZ 00415f90 f   ics.obj
 0001:00014fc0       ?SetProtocol@IICSGP@@QAEXF@Z 00415fc0 f   ics.obj
 0001:00014ff0       ?GetSpectrumPreset@IICSGP@@QAEJXZ 00415ff0 f   ics.obj
 0001:00015020       ?SetSpectrumPreset@IICSGP@@QAEXJ@Z 00416020 f   ics.obj
 0001:00015050       ?GetRecord@IICSGP@@QAEJXZ  00416050 f   ics.obj
 0001:00015080       ?SetRecord@IICSGP@@QAEXJ@Z 00416080 f   ics.obj
 0001:000150b0       ?GetRecords@IICSGP@@QAEJXZ 004160b0 f   ics.obj
 0001:000150e0       ?SetRecords@IICSGP@@QAEXJ@Z 004160e0 f   ics.obj
 0001:00015110       ?GetRecordsStored@IICSGP@@QAEJXZ 00416110 f   ics.obj
 0001:00015140       ?SetRecordsStored@IICSGP@@QAEXJ@Z 00416140 f   ics.obj
 0001:00015170       ?GetDataLength@IICSGP@@QAEJXZ 00416170 f   ics.obj
 0001:000151a0       ?SetDataLength@IICSGP@@QAEXJ@Z 004161a0 f   ics.obj
 0001:000151d0       ?GetActive@IICSGP@@QAEHXZ  004161d0 f   ics.obj
 0001:00015200       ?SetActive@IICSGP@@QAEXH@Z 00416200 f   ics.obj
 0001:00015230       ?GetTimeElapsed@IICSGP@@QAEJXZ 00416230 f   ics.obj
 0001:00015260       ?SetTimeElapsed@IICSGP@@QAEXJ@Z 00416260 f   ics.obj
 0001:00015290       ?GetIsDSPPresent@IICSGP@@QAEHXZ 00416290 f   ics.obj
 0001:000152c0       ?SetIsDSPPresent@IICSGP@@QAEXH@Z 004162c0 f   ics.obj
 0001:000152f0       ?GetTriggerPolarity@IICSGP@@QAEHXZ 004162f0 f   ics.obj
 0001:00015320       ?SetTriggerPolarity@IICSGP@@QAEXH@Z 00416320 f   ics.obj
 0001:00015350       ?GetDataFromInst@IICSGP@@QAEHPAUtagVARIANT@@0@Z 00416350 f   ics.obj
 0001:00015390       ?StopAverageAcquisition@IICSGP@@QAEXXZ 00416390 f   ics.obj
 0001:000153c0       ?Reset@IICSGP@@QAEXXZ      004163c0 f   ics.obj
 0001:000153f0       ?GetRecordLength@IICSGP@@QAEMF@Z 004163f0 f   ics.obj
 0001:00015430       ?SetRecordLength@IICSGP@@QAEXFM@Z 00416430 f   ics.obj
 0001:00015470       ?GetTimeOffset@IICSGP@@QAEMF@Z 00416470 f   ics.obj
 0001:000154b0       ?SetTimeOffset@IICSGP@@QAEXFM@Z 004164b0 f   ics.obj
 0001:000154f0       ?GetSamplingInterval@IICSGP@@QAEMF@Z 004164f0 f   ics.obj
 0001:00015530       ?SetSamplingInterval@IICSGP@@QAEXFM@Z 00416530 f   ics.obj
 0001:00015570       ?GetOffset@IICSGP@@QAEMF@Z 00416570 f   ics.obj
 0001:000155b0       ?SetOffset@IICSGP@@QAEXFM@Z 004165b0 f   ics.obj
 0001:000155f0       ?GetScansAveraged@IICSGP@@QAEJF@Z 004165f0 f   ics.obj
 0001:00015630       ?SetScansAveraged@IICSGP@@QAEXFJ@Z 00416630 f   ics.obj
 0001:00015670       ?GetDeadTime@IICSGP@@QAEMF@Z 00416670 f   ics.obj
 0001:000156b0       ?SetDeadTime@IICSGP@@QAEXFM@Z 004166b0 f   ics.obj
 0001:000156f0       ?GetICSVersion@IICSGP@@QAEMXZ 004166f0 f   ics.obj
 0001:00015720       ?ResetHotLink@IICSGP@@QAEXXZ 00416720 f   ics.obj
 0001:00015750       ?GetEnhancer@IICSGP@@QAEHF@Z 00416750 f   ics.obj
 0001:00015790       ?SetEnhancer@IICSGP@@QAEXFH@Z 00416790 f   ics.obj
 0001:000157d0       ?GetInstVersion@IICSGP@@QAE?AVCString@@XZ 004167d0 f   ics.obj
 0001:00015860       ?SaveTrendDataFile@IICSGP@@QAEXPBD@Z 00416860 f   ics.obj
 0001:000158a0       ?IsInstPresent@IICSGP@@QAEHXZ 004168a0 f   ics.obj
 0001:000158d0       ?GetAverageConfig@IICSGP@@QAE?AVCString@@F@Z 004168d0 f   ics.obj
 0001:00015960       ?GetRawData@IICSGP@@QAEHPAUtagVARIANT@@JJ@Z 00416960 f   ics.obj
 0001:000159a0       ?Direct@IICSGP@@QAE?AVCString@@PBD@Z 004169a0 f   ics.obj
 0001:00015a30       ?StartAverageAcquisition@IICSGP@@QAEXABUtagVARIANT@@JNJ@Z 00416a30 f   ics.obj
 0001:00015a80       ?StopTrendAcquisition@IICSGP@@QAEXXZ 00416a80 f   ics.obj
 0001:00015ab0       ?GetTrendDataFromInst@IICSGP@@QAEHPAUtagVARIANT@@0FPAJ@Z 00416ab0 f   ics.obj
 0001:00015b00       ?ResumeTrend@IICSGP@@QAEXXZ 00416b00 f   ics.obj
 0001:00015b30       ?GetTrendData@IICSGP@@QAEHPAUtagVARIANT@@0@Z 00416b30 f   ics.obj
 0001:00015b70       ?StartTrendAcquisition@IICSGP@@QAEXPBDJH@Z 00416b70 f   ics.obj
 0001:00015bb0       ?SaveBasicTrendData@IICSGP@@QAEHPBD@Z 00416bb0 f   ics.obj
 0001:00015bf0       ?SetupTrendFileInfo@IICSGP@@QAEXPBD@Z 00416bf0 f   ics.obj
 0001:00015c30       ?GetTrendRecord@IICSGP@@QAEHPAUtagVARIANT@@0JMMFJJHH@Z 00416c30 f   ics.obj
 0001:00015ca0       ?GetProtocolFromTrendIndex@IICSGP@@QAEJPBDJ@Z 00416ca0 f   ics.obj
 0001:00015ce0       ?GetBasicTrendData@IICSGP@@QAEHPAUtagVARIANT@@0PBD@Z 00416ce0 f   ics.obj
 0001:00015d20       ?CreateObject@CIndicators@@SGPAVCObject@@XZ 00416d20 f   indicators.obj
 0001:00015d90       ?_GetBaseClass@CIndicators@@KGPAUCRuntimeClass@@XZ 00416d90 f   indicators.obj
 0001:00015db0       ?GetRuntimeClass@CIndicators@@UBEPAUCRuntimeClass@@XZ 00416db0 f   indicators.obj
 0001:00015dd0       ?GetColor@CIndicators@@QAEFXZ 00416dd0 f   indicators.obj
 0001:00015e00       ?SetColor@CIndicators@@QAEXF@Z 00416e00 f   indicators.obj
 0001:00015e30       ?GetState@CIndicators@@QAEHXZ 00416e30 f   indicators.obj
 0001:00015e60       ?SetState@CIndicators@@QAEXH@Z 00416e60 f   indicators.obj
 0001:00015e90       ?GetMomentaryTime@CIndicators@@QAEJXZ 00416e90 f   indicators.obj
 0001:00015ec0       ?SetMomentaryTime@CIndicators@@QAEXJ@Z 00416ec0 f   indicators.obj
 0001:00015ef0       ?GetFlashOffTime@CIndicators@@QAEJXZ 00416ef0 f   indicators.obj
 0001:00015f20       ?SetFlashOffTime@CIndicators@@QAEXJ@Z 00416f20 f   indicators.obj
 0001:00015f50       ?GetFlashOnTime@CIndicators@@QAEJXZ 00416f50 f   indicators.obj
 0001:00015f80       ?SetFlashOnTime@CIndicators@@QAEXJ@Z 00416f80 f   indicators.obj
 0001:00015fb0       ?GetIsFlashing@CIndicators@@QAEHXZ 00416fb0 f   indicators.obj
 0001:00015fe0       ?SetIsFlashing@CIndicators@@QAEXH@Z 00416fe0 f   indicators.obj
 0001:00016010       ?MomentaryOn@CIndicators@@QAEXXZ 00417010 f   indicators.obj
 0001:00016040       ?MomentaryOff@CIndicators@@QAEXXZ 00417040 f   indicators.obj
 0001:00016070       ?AboutBox@CIndicators@@QAEXXZ 00417070 f   indicators.obj
 0001:000160a0       ??0CInfoBar@@QAE@XZ        004170a0 f   InfoBar.obj
 0001:00016130       ?GetInfoWnd@CInfoBar@@UAEPAVCWnd@@XZ 00417130 f i InfoBar.obj
 0001:00016150       ?GetInfoDlg@CInfoBar@@UAEPAVCDialog@@XZ 00417150 f i InfoBar.obj
 0001:00016170       ??_GCInfoBar@@UAEPAXI@Z    00417170 f i InfoBar.obj
 0001:00016170       ??_ECInfoBar@@UAEPAXI@Z    00417170 f i InfoBar.obj
 0001:000161b0       ??1CInfoBar@@UAE@XZ        004171b0 f   InfoBar.obj
 0001:00016260       ?Create@CInfoBar@@QAEHPAVCWnd@@II@Z 00417260 f   InfoBar.obj
 0001:00016450       ?CalcFixedLayout@CInfoBar@@UAE?AVCSize@@HH@Z 00417450 f   InfoBar.obj
 0001:000164e0       ?OnUpdateCmdUI@CInfoBar@@UAEXPAVCFrameWnd@@H@Z 004174e0 f   InfoBar.obj
 0001:00016510       ??0CInfoBarDlg@@QAE@PAVCWnd@@@Z 00417510 f   InfoBarDlg.obj
 0001:00016550       ??_GCInfoBarDlg@@UAEPAXI@Z 00417550 f i InfoBarDlg.obj
 0001:00016550       ??_ECInfoBarDlg@@UAEPAXI@Z 00417550 f i InfoBarDlg.obj
 0001:00016590       ??1CInfoBarDlg@@UAE@XZ     00417590 f i InfoBarDlg.obj
 0001:000165b0       ?DoDataExchange@CInfoBarDlg@@MAEXPAVCDataExchange@@@Z 004175b0 f   InfoBarDlg.obj
 0001:000165e0       ?_GetBaseMessageMap@CInfoBarDlg@@KGPBUAFX_MSGMAP@@XZ 004175e0 f   InfoBarDlg.obj
 0001:00016600       ?GetMessageMap@CInfoBarDlg@@MBEPBUAFX_MSGMAP@@XZ 00417600 f   InfoBarDlg.obj
 0001:00016620       ?OnDestroy@CInfoBarDlg@@IAEXXZ 00417620 f   InfoBarDlg.obj
 0001:00016640       ?OnInitDialog@CInfoBarDlg@@MAEHXZ 00417640 f   InfoBarDlg.obj
 0001:00016740       ?OnInfoBrowse@CInfoBarDlg@@IAEXXZ 00417740 f   InfoBarDlg.obj
 0001:000168b0       ?BrowseDestProc@CInfoBarDlg@@SGHPAUHWND__@@IJJ@Z 004178b0 f   InfoBarDlg.obj
 0001:000169a0       ?OnTrendSetup@CInfoBarDlg@@IAEXXZ 004179a0 f   InfoBarDlg.obj
 0001:00016a10       ??1CTrendSetup@@UAE@XZ     00417a10 f i InfoBarDlg.obj
 0001:00016af0       ??0CInstStatusBar@@QAE@XZ  00417af0 f   InstStatusBar.obj
 0001:00016b80       ?GetStatusWnd@CInstStatusBar@@UAEPAVCWnd@@XZ 00417b80 f i InstStatusBar.obj
 0001:00016ba0       ?GetStatusDlg@CInstStatusBar@@UAEPAVCDialog@@XZ 00417ba0 f i InstStatusBar.obj
 0001:00016bc0       ??_ECInstStatusBar@@UAEPAXI@Z 00417bc0 f i InstStatusBar.obj
 0001:00016bc0       ??_GCInstStatusBar@@UAEPAXI@Z 00417bc0 f i InstStatusBar.obj
 0001:00016c00       ??1CInstStatusBar@@UAE@XZ  00417c00 f   InstStatusBar.obj
 0001:00016cb0       ?Create@CInstStatusBar@@QAEHPAVCWnd@@II@Z 00417cb0 f   InstStatusBar.obj
 0001:00016ea0       ?CalcFixedLayout@CInstStatusBar@@UAE?AVCSize@@HH@Z 00417ea0 f   InstStatusBar.obj
 0001:00016f30       ?OnUpdateCmdUI@CInstStatusBar@@UAEXPAVCFrameWnd@@H@Z 00417f30 f   InstStatusBar.obj
 0001:00016f60       ??0CInstStatusBarDlg@@QAE@PAVCWnd@@@Z 00417f60 f   InstStatusBarDlg.obj
 0001:00017010       ?GetAcqTab@CInstStatusBarDlg@@UAEPAVCAcquisitionTab@@XZ 00418010 f i InstStatusBarDlg.obj
 0001:00017030       ?GetAnaTab@CInstStatusBarDlg@@UAEPAVCAnalysisTab@@XZ 00418030 f i InstStatusBarDlg.obj
 0001:00017050       ?GetCalibrationTab@CInstStatusBarDlg@@UAEPAVCCalibrationTab@@XZ 00418050 f i InstStatusBarDlg.obj
 0001:00017070       ??_ECInstStatusBarDlg@@UAEPAXI@Z 00418070 f i InstStatusBarDlg.obj
 0001:00017070       ??_GCInstStatusBarDlg@@UAEPAXI@Z 00418070 f i InstStatusBarDlg.obj
 0001:000170b0       ??1CInstStatusBarDlg@@UAE@XZ 004180b0 f i InstStatusBarDlg.obj
 0001:00017140       ?DoDataExchange@CInstStatusBarDlg@@MAEXPAVCDataExchange@@@Z 00418140 f   InstStatusBarDlg.obj
 0001:00017180       ?_GetBaseMessageMap@CInstStatusBarDlg@@KGPBUAFX_MSGMAP@@XZ 00418180 f   InstStatusBarDlg.obj
 0001:000171a0       ?GetMessageMap@CInstStatusBarDlg@@MBEPBUAFX_MSGMAP@@XZ 004181a0 f   InstStatusBarDlg.obj
 0001:000171c0       ?OnInitDialog@CInstStatusBarDlg@@MAEHXZ 004181c0 f   InstStatusBarDlg.obj
 0001:00017350       ?OnSelchangeStatustab@CInstStatusBarDlg@@IAEXPAUtagNMHDR@@PAJ@Z 00418350 f   InstStatusBarDlg.obj
 0001:00017550       ?OnCancel@CInstStatusBarDlg@@MAEXXZ 00418550 f   InstStatusBarDlg.obj
 0001:00017570       ?OnOK@CInstStatusBarDlg@@MAEXXZ 00418570 f   InstStatusBarDlg.obj
 0001:00017590       ?CreateObject@CMainFrame@@SGPAVCObject@@XZ 00418590 f   MainFrm.obj
 0001:00017610       ?_GetBaseClass@CMainFrame@@KGPAUCRuntimeClass@@XZ 00418610 f   MainFrm.obj
 0001:00017630       ?GetRuntimeClass@CMainFrame@@UBEPAUCRuntimeClass@@XZ 00418630 f   MainFrm.obj
 0001:00017650       ?_GetBaseMessageMap@CMainFrame@@KGPBUAFX_MSGMAP@@XZ 00418650 f   MainFrm.obj
 0001:00017670       ?GetMessageMap@CMainFrame@@MBEPBUAFX_MSGMAP@@XZ 00418670 f   MainFrm.obj
 0001:00017690       ??0CMainFrame@@IAE@XZ      00418690 f   MainFrm.obj
 0001:00017800       ??0IICSGP@@QAE@XZ          00418800 f i MainFrm.obj
 0001:00017820       ?GetActiveGraphIndex@CMainFrame@@UAEHXZ 00418820 f i MainFrm.obj
 0001:00017840       ?SetActiveGraphIndex@CMainFrame@@UAEXH@Z 00418840 f i MainFrm.obj
 0001:00017870       ?GetCurrentAcqPath@CMainFrame@@UAE?AVCString@@XZ 00418870 f i MainFrm.obj
 0001:000178b0       ?GetIsDataActive@CMainFrame@@UAE_NXZ 004188b0 f i MainFrm.obj
 0001:000178d0       ?GetIsAcqInProgress@CMainFrame@@UAE_NXZ 004188d0 f i MainFrm.obj
 0001:000178f0       ?SetIsAcqInProgress@CMainFrame@@UAEX_N@Z 004188f0 f i MainFrm.obj
 0001:00017920       ?GetEnableAcquisition@CMainFrame@@UAE_NXZ 00418920 f i MainFrm.obj
 0001:00017940       ?SetEnableAcquisition@CMainFrame@@UAEX_N@Z 00418940 f i MainFrm.obj
 0001:00017970       ?IsZooming@CMainFrame@@UAE_NXZ 00418970 f i MainFrm.obj
 0001:00017990       ?GetCurrentTool@CMainFrame@@UAE?AW4enumTools@@XZ 00418990 f i MainFrm.obj
 0001:000179b0       ?SetCurrentTool@CMainFrame@@UAEXW4enumTools@@@Z 004189b0 f i MainFrm.obj
 0001:000179e0       ?GetCurrentSmooth@CMainFrame@@UAE?AW4enumSmooth@@XZ 004189e0 f i MainFrm.obj
 0001:00017a00       ?SetCurrentSmooth@CMainFrame@@UAEXW4enumSmooth@@@Z 00418a00 f i MainFrm.obj
 0001:00017a30       ??_GCMainFrame@@UAEPAXI@Z  00418a30 f i MainFrm.obj
 0001:00017a30       ??_ECMainFrame@@UAEPAXI@Z  00418a30 f i MainFrm.obj
 0001:00017a70       ??1IICSGP@@QAE@XZ          00418a70 f i MainFrm.obj
 0001:00017a90       ??1CMainFrame@@UAE@XZ      00418a90 f   MainFrm.obj
 0001:00017ba0       ?OnCreate@CMainFrame@@IAEHPAUtagCREATESTRUCTA@@@Z 00418ba0 f   MainFrm.obj
 0001:00017f30       ?OnCreateClient@CMainFrame@@UAEHPAUtagCREATESTRUCTA@@PAUCCreateContext@@@Z 00418f30 f   MainFrm.obj
 0001:00018070       ?AssertValid@CMainFrame@@UBEXXZ 00419070 f   MainFrm.obj
 0001:00018090       ?Dump@CMainFrame@@UBEXAAVCDumpContext@@@Z 00419090 f   MainFrm.obj
 0001:000180c0       ?OnInststatusbar@CMainFrame@@IAEXXZ 004190c0 f   MainFrm.obj
 0001:00018100       ?OnUpdateInststatusbar@CMainFrame@@IAEXPAVCCmdUI@@@Z 00419100 f   MainFrm.obj
 0001:00018140       ?OnProperties@CMainFrame@@QAEXXZ 00419140 f   MainFrm.obj
 0001:000181b0       ?OnGraphAuto@CMainFrame@@IAEXXZ 004191b0 f   MainFrm.obj
 0001:00018220       ?OnGraphHorzin@CMainFrame@@IAEXXZ 00419220 f   MainFrm.obj
 0001:00018290       ?OnGraphHorzout@CMainFrame@@IAEXXZ 00419290 f   MainFrm.obj
 0001:00018300       ?OnGraphVertauto@CMainFrame@@IAEXXZ 00419300 f   MainFrm.obj
 0001:00018370       ?OnGraphVertin@CMainFrame@@IAEXXZ 00419370 f   MainFrm.obj
 0001:000183e0       ?OnGraphVertout@CMainFrame@@IAEXXZ 004193e0 f   MainFrm.obj
 0001:00018450       ?SetAverageFromIndex@CMainFrame@@UAEXH@Z 00419450 f   MainFrm.obj
 0001:00018620       ?SetActivePane@CMainFrame@@UAEXH@Z 00419620 f   MainFrm.obj
 0001:00018770       ?StartTrendAcquisition@CMainFrame@@UAEXXZ 00419770 f   MainFrm.obj
 0001:000188c0       ?StopTrendAcquisition@CMainFrame@@UAEXXZ 004198c0 f   MainFrm.obj
 0001:00018930       ?StartAverageAcquisition@CMainFrame@@UAEXXZ 00419930 f   MainFrm.obj
 0001:00018a70       ?StopAverageAcquisition@CMainFrame@@UAEXXZ 00419a70 f   MainFrm.obj
 0001:00018ab0       ?OnFileOpen@CMainFrame@@IAEXXZ 00419ab0 f   MainFrm.obj
 0001:000192c0       ?OnFileNew@CMainFrame@@IAEXXZ 0041a2c0 f   MainFrm.obj
 0001:000192e0       ?OnFileSave@CMainFrame@@IAEXXZ 0041a2e0 f   MainFrm.obj
 0001:000198a0       ?OnInitMenuPopup@CMainFrame@@IAEXPAVCMenu@@IH@Z 0041a8a0 f   MainFrm.obj
 0001:00019a20       ?OnAverageMode@CMainFrame@@IAEXXZ 0041aa20 f   MainFrm.obj
 0001:00019a50       ?OnTrendMode@CMainFrame@@IAEXXZ 0041aa50 f   MainFrm.obj
 0001:00019a80       ?GetICS@CMainFrame@@QAEPAVIICSGP@@XZ 0041aa80 f   MainFrm.obj
 0001:00019ac0       ?GetLED2@CAcquisitionTab@@QAEPAVCIndicators@@XZ 0041aac0 f i MainFrm.obj
 0001:00019ae0       ?GetAcqTab@CMainFrame@@QAEPAVCAcquisitionTab@@XZ 0041aae0 f   MainFrm.obj
 0001:00019b70       ?GetInstStatusBar@CMainFrame@@QAEPAVCInstStatusBar@@XZ 0041ab70 f i MainFrm.obj
 0001:00019b90       ?GetInfo@CMainFrame@@QAEPAVCInfoBarDlg@@XZ 0041ab90 f   MainFrm.obj
 0001:00019bf0       ?GetInfoBar@CMainFrame@@QAEPAVCInfoBar@@XZ 0041abf0 f i MainFrm.obj
 0001:00019c10       ?GetAnalysisTab@CMainFrame@@QAEPAVCAnalysisTab@@XZ 0041ac10 f   MainFrm.obj
 0001:00019ca0       ?GetCalibrationTab@CMainFrame@@QAEPAVCCalibrationTab@@XZ 0041aca0 f   MainFrm.obj
 0001:00019d30       ?SetStatusBarText@CMainFrame@@UAEXHVCString@@@Z 0041ad30 f   MainFrm.obj
 0001:00019da0       ?OnViewmodeMarker@CMainFrame@@QAEXXZ 0041ada0 f   MainFrm.obj
 0001:00019e10       ?OnViewmodeZoom@CMainFrame@@QAEXXZ 0041ae10 f   MainFrm.obj
 0001:00019e80       ?OnSmoothNone@CMainFrame@@IAEXXZ 0041ae80 f   MainFrm.obj
 0001:00019ef0       ?OnSmooth3pt@CMainFrame@@IAEXXZ 0041aef0 f   MainFrm.obj
 0001:00019f60       ?OnSmooth5pt@CMainFrame@@IAEXXZ 0041af60 f   MainFrm.obj
 0001:00019fd0       ?OnViewInfobar@CMainFrame@@IAEXXZ 0041afd0 f   MainFrm.obj
 0001:0001a010       ?OnUpdateViewInfobar@CMainFrame@@IAEXPAVCCmdUI@@@Z 0041b010 f   MainFrm.obj
 0001:0001a050       ?OnClose@CMainFrame@@IAEXXZ 0041b050 f   MainFrm.obj
 0001:0001a0f0       ?OnUpdateViewmodeMarker@CMainFrame@@IAEXPAVCCmdUI@@@Z 0041b0f0 f   MainFrm.obj
 0001:0001a1a0       ?OnUpdateViewmodeZoom@CMainFrame@@IAEXPAVCCmdUI@@@Z 0041b1a0 f   MainFrm.obj
 0001:0001a250       ?OnUpdateFileOpen@CMainFrame@@IAEXPAVCCmdUI@@@Z 0041b250 f   MainFrm.obj
 0001:0001a290       ?OnUpdateFileSave@CMainFrame@@IAEXPAVCCmdUI@@@Z 0041b290 f   MainFrm.obj
 0001:0001a360       ?OnStart@CMainFrame@@IAEXXZ 0041b360 f   MainFrm.obj
 0001:0001a390       ?OnStop@CMainFrame@@IAEXXZ 0041b390 f   MainFrm.obj
 0001:0001a3c0       ?OnFileSaveas@CMainFrame@@IAEXXZ 0041b3c0 f   MainFrm.obj
 0001:0001a740       ??1CSaveAs@@UAE@XZ         0041b740 f i MainFrm.obj
 0001:0001a7a0       ?OnUpdateFileSaveas@CMainFrame@@IAEXPAVCCmdUI@@@Z 0041b7a0 f   MainFrm.obj
 0001:0001a800       ?StripAxisTextLabels@CMainFrame@@UAEXPAVCString@@@Z 0041b800 f   MainFrm.obj
 0001:0001a890       ?OnViewFft@CMainFrame@@IAEXXZ 0041b890 f   MainFrm.obj
 0001:0001a8b0       ?OnUpdateViewFft@CMainFrame@@IAEXPAVCCmdUI@@@Z 0041b8b0 f   MainFrm.obj
 0001:0001a9a0       ??0CModifyData@@QAE@PAVCWnd@@_N@Z 0041b9a0 f   ModifyData.obj
 0001:0001aa60       ??_ECModifyData@@UAEPAXI@Z 0041ba60 f i ModifyData.obj
 0001:0001aa60       ??_GCModifyData@@UAEPAXI@Z 0041ba60 f i ModifyData.obj
 0001:0001aaa0       ?DoDataExchange@CModifyData@@MAEXPAVCDataExchange@@@Z 0041baa0 f   ModifyData.obj
 0001:0001aaf0       ?_GetBaseMessageMap@CModifyData@@KGPBUAFX_MSGMAP@@XZ 0041baf0 f   ModifyData.obj
 0001:0001ab10       ?GetMessageMap@CModifyData@@MBEPBUAFX_MSGMAP@@XZ 0041bb10 f   ModifyData.obj
 0001:0001ab30       ?OnInitDialog@CModifyData@@MAEHXZ 0041bb30 f   ModifyData.obj
 0001:0001ae10       ?OnFileCombine@CModifyData@@IAEXXZ 0041be10 f   ModifyData.obj
 0001:0001ae60       ?OnApplyConstant@CModifyData@@IAEXXZ 0041be60 f   ModifyData.obj
 0001:0001aeb0       ?EnableFileProps@CModifyData@@UAEX_N@Z 0041beb0 f   ModifyData.obj
 0001:0001af20       ?EnableConstProps@CModifyData@@UAEX_N@Z 0041bf20 f   ModifyData.obj
 0001:0001af70       ?OnFileBrowse@CModifyData@@IAEXXZ 0041bf70 f   ModifyData.obj
 0001:0001b240       ?OnOK@CModifyData@@MAEXXZ  0041c240 f   ModifyData.obj
 0001:0001b3d0       ?OnDestroy@CModifyData@@IAEXXZ 0041c3d0 f   ModifyData.obj
 0001:0001b3f0       ?UpdateImages@CModifyData@@UAEXXZ 0041c3f0 f   ModifyData.obj
 0001:0001b610       ?OnApplyOperator@CModifyData@@IAEXXZ 0041c610 f   ModifyData.obj
 0001:0001b690       ?OnFileOperator@CModifyData@@IAEXXZ 0041c690 f   ModifyData.obj
 0001:0001b710       ??0COverlayProps@@QAE@PAVCWnd@@PAVCGSX2@@@Z 0041c710 f   OverlayProps.obj
 0001:0001b7d0       ??_GCOverlayProps@@UAEPAXI@Z 0041c7d0 f i OverlayProps.obj
 0001:0001b7d0       ??_ECOverlayProps@@UAEPAXI@Z 0041c7d0 f i OverlayProps.obj
 0001:0001b810       ?DoDataExchange@COverlayProps@@MAEXPAVCDataExchange@@@Z 0041c810 f   OverlayProps.obj
 0001:0001b850       ?_GetBaseMessageMap@COverlayProps@@KGPBUAFX_MSGMAP@@XZ 0041c850 f   OverlayProps.obj
 0001:0001b870       ?GetMessageMap@COverlayProps@@MBEPBUAFX_MSGMAP@@XZ 0041c870 f   OverlayProps.obj
 0001:0001b890       ?OnInitDialog@COverlayProps@@MAEHXZ 0041c890 f   OverlayProps.obj
 0001:0001b8e0       ?LoadSelectedProperties@COverlayProps@@UAEXXZ 0041c8e0 f   OverlayProps.obj
 0001:0001baf0       ?EnableSymbolProps@COverlayProps@@UAEX_N@Z 0041caf0 f   OverlayProps.obj
 0001:0001bba0       ?EnableLineProps@COverlayProps@@UAEX_N@Z 0041cba0 f   OverlayProps.obj
 0001:0001bc20       ?OnLines@COverlayProps@@IAEXXZ 0041cc20 f   OverlayProps.obj
 0001:0001bcd0       ?OnSymbols@COverlayProps@@IAEXXZ 0041ccd0 f   OverlayProps.obj
 0001:0001bda0       ?OnSelchangeOverlayNumber@COverlayProps@@IAEXXZ 0041cda0 f   OverlayProps.obj
 0001:0001bdf0       ?OnSelchangeLinesColor@COverlayProps@@IAEXXZ 0041cdf0 f   OverlayProps.obj
 0001:0001be60       ?OnSelchangeLinesWidth@COverlayProps@@IAEXXZ 0041ce60 f   OverlayProps.obj
 0001:0001bed0       ?OnSelchangeSymbolsColor@COverlayProps@@IAEXXZ 0041ced0 f   OverlayProps.obj
 0001:0001bf40       ?OnSelchangeSymbolsType@COverlayProps@@IAEXXZ 0041cf40 f   OverlayProps.obj
 0001:0001bfb0       ?OnHScroll@COverlayProps@@IAEXIIPAVCScrollBar@@@Z 0041cfb0 f   OverlayProps.obj
 0001:0001c1e0       ?CreateObject@CPropGeneralPage@@SGPAVCObject@@XZ 0041d1e0 f   PropGeneralPage.obj
 0001:0001c260       ?_GetBaseClass@CPropGeneralPage@@KGPAUCRuntimeClass@@XZ 0041d260 f   PropGeneralPage.obj
 0001:0001c280       ?GetRuntimeClass@CPropGeneralPage@@UBEPAUCRuntimeClass@@XZ 0041d280 f   PropGeneralPage.obj
 0001:0001c2a0       ??0CPropGeneralPage@@QAE@XZ 0041d2a0 f   PropGeneralPage.obj
 0001:0001c3a0       ??_GCPropGeneralPage@@UAEPAXI@Z 0041d3a0 f i PropGeneralPage.obj
 0001:0001c3a0       ??_ECPropGeneralPage@@UAEPAXI@Z 0041d3a0 f i PropGeneralPage.obj
 0001:0001c3e0       ??1CPropGeneralPage@@UAE@XZ 0041d3e0 f   PropGeneralPage.obj
 0001:0001c4d0       ?DoDataExchange@CPropGeneralPage@@MAEXPAVCDataExchange@@@Z 0041d4d0 f   PropGeneralPage.obj
 0001:0001c5a0       ?_GetBaseMessageMap@CPropGeneralPage@@KGPBUAFX_MSGMAP@@XZ 0041d5a0 f   PropGeneralPage.obj
 0001:0001c5c0       ?GetMessageMap@CPropGeneralPage@@MBEPBUAFX_MSGMAP@@XZ 0041d5c0 f   PropGeneralPage.obj
 0001:0001c5e0       ?UpdateFromInst@CPropGeneralPage@@UAEXXZ 0041d5e0 f   PropGeneralPage.obj
 0001:0001c980       ?OnInitDialog@CPropGeneralPage@@MAEHXZ 0041d980 f   PropGeneralPage.obj
 0001:0001cbe0       ?OnApply@CPropGeneralPage@@UAEHXZ 0041dbe0 f   PropGeneralPage.obj
 0001:0001d010       ?OnChangePresetTime@CPropGeneralPage@@IAEXXZ 0041e010 f   PropGeneralPage.obj
 0001:0001d030       ?OnChangeSpectrumPreset@CPropGeneralPage@@IAEXXZ 0041e030 f   PropGeneralPage.obj
 0001:0001d050       ?OnRps@CPropGeneralPage@@IAEXXZ 0041e050 f   PropGeneralPage.obj
 0001:0001d070       ?OnChangeProtocol@CPropGeneralPage@@IAEXXZ 0041e070 f   PropGeneralPage.obj
 0001:0001d090       ?OnNegativepolarity@CPropGeneralPage@@IAEXXZ 0041e090 f   PropGeneralPage.obj
 0001:0001d0b0       ?OnPositivepolarity@CPropGeneralPage@@IAEXXZ 0041e0b0 f   PropGeneralPage.obj
 0001:0001d0d0       ?OnSelchangeProtocol@CPropGeneralPage@@IAEXXZ 0041e0d0 f   PropGeneralPage.obj
 0001:0001d0f0       ?OnFileCombine@CPropGeneralPage@@IAEXXZ 0041e0f0 f   PropGeneralPage.obj
 0001:0001d150       ?OnApplyConstant@CPropGeneralPage@@IAEXXZ 0041e150 f   PropGeneralPage.obj
 0001:0001d1b0       ?EnableFileProps@CPropGeneralPage@@UAEX_N@Z 0041e1b0 f   PropGeneralPage.obj
 0001:0001d230       ?EnableConstProps@CPropGeneralPage@@UAEX_N@Z 0041e230 f   PropGeneralPage.obj
 0001:0001d290       ?OnFileBrowse@CPropGeneralPage@@IAEXXZ 0041e290 f   PropGeneralPage.obj
 0001:0001d570       ?UpdateImages@CPropGeneralPage@@UAEXXZ 0041e570 f   PropGeneralPage.obj
 0001:0001d7a0       ?OnApplyOperator@CPropGeneralPage@@IAEXXZ 0041e7a0 f   PropGeneralPage.obj
 0001:0001d830       ?OnFileOperator@CPropGeneralPage@@IAEXXZ 0041e830 f   PropGeneralPage.obj
 0001:0001d8c0       ?OnUpdateConstValue@CPropGeneralPage@@IAEXXZ 0041e8c0 f   PropGeneralPage.obj
 0001:0001d8e0       ?OnMaxNumber@CPropGeneralPage@@IAEXXZ 0041e8e0 f   PropGeneralPage.obj
 0001:0001d950       ?OnMaxTime@CPropGeneralPage@@IAEXXZ 0041e950 f   PropGeneralPage.obj
 0001:0001d9c0       ?CreateObject@CPropProtocol1Page@@SGPAVCObject@@XZ 0041e9c0 f   PropProtocol1Page.obj
 0001:0001da40       ?_GetBaseClass@CPropProtocol1Page@@KGPAUCRuntimeClass@@XZ 0041ea40 f   PropProtocol1Page.obj
 0001:0001da60       ?GetRuntimeClass@CPropProtocol1Page@@UBEPAUCRuntimeClass@@XZ 0041ea60 f   PropProtocol1Page.obj
 0001:0001da80       ??0CPropProtocol1Page@@QAE@XZ 0041ea80 f   PropProtocol1Page.obj
 0001:0001db60       ??_GCPropProtocol1Page@@UAEPAXI@Z 0041eb60 f i PropProtocol1Page.obj
 0001:0001db60       ??_ECPropProtocol1Page@@UAEPAXI@Z 0041eb60 f i PropProtocol1Page.obj
 0001:0001dba0       ??1CPropProtocol1Page@@UAE@XZ 0041eba0 f   PropProtocol1Page.obj
 0001:0001dc40       ?DoDataExchange@CPropProtocol1Page@@MAEXPAVCDataExchange@@@Z 0041ec40 f   PropProtocol1Page.obj
 0001:0001dce0       ?_GetBaseMessageMap@CPropProtocol1Page@@KGPBUAFX_MSGMAP@@XZ 0041ece0 f   PropProtocol1Page.obj
 0001:0001dd00       ?GetMessageMap@CPropProtocol1Page@@MBEPBUAFX_MSGMAP@@XZ 0041ed00 f   PropProtocol1Page.obj
 0001:0001dd20       ?UpdateFromInst@CPropProtocol1Page@@UAEXXZ 0041ed20 f   PropProtocol1Page.obj
 0001:0001e060       ?OnInitDialog@CPropProtocol1Page@@MAEHXZ 0041f060 f   PropProtocol1Page.obj
 0001:0001e160       ?OnAdvanced@CPropProtocol1Page@@IAEXXZ 0041f160 f   PropProtocol1Page.obj
 0001:0001e1d0       ?OnProtcolAdvanced@CPropProtocol1Page@@IAEXXZ 0041f1d0 f   PropProtocol1Page.obj
 0001:0001e250       ??1CProtocolAdvanced@@UAE@XZ 0041f250 f i PropProtocol1Page.obj
 0001:0001e2b0       ?OnCompression@CPropProtocol1Page@@IAEXXZ 0041f2b0 f   PropProtocol1Page.obj
 0001:0001e2d0       ?OnAutonoise@CPropProtocol1Page@@IAEXXZ 0041f2d0 f   PropProtocol1Page.obj
 0001:0001e340       ?OnOK@CPropProtocol1Page@@UAEXXZ 0041f340 f   PropProtocol1Page.obj
 0001:0001e650       ?OnCalBrowse@CPropProtocol1Page@@IAEXXZ 0041f650 f   PropProtocol1Page.obj
 0001:0001e8e0       ?OnChangeCalPath@CPropProtocol1Page@@IAEXXZ 0041f8e0 f   PropProtocol1Page.obj
 0001:0001e9a0       ?OnApply@CPropProtocol1Page@@UAEHXZ 0041f9a0 f   PropProtocol1Page.obj
 0001:0001e9d0       ?OnUpdateRecordlength@CPropProtocol1Page@@IAEXXZ 0041f9d0 f   PropProtocol1Page.obj
 0001:0001e9f0       ?OnUpdateTriggerdelay@CPropProtocol1Page@@IAEXXZ 0041f9f0 f   PropProtocol1Page.obj
 0001:0001ea10       ?OnUpdateOffset@CPropProtocol1Page@@IAEXXZ 0041fa10 f   PropProtocol1Page.obj
 0001:0001ea30       ?OnUpdateRecordpreset@CPropProtocol1Page@@IAEXXZ 0041fa30 f   PropProtocol1Page.obj
 0001:0001ea50       ?OnSelchangePeriod@CPropProtocol1Page@@IAEXXZ 0041fa50 f   PropProtocol1Page.obj
 0001:0001ea70       ?CreateObject@CPropProtocol2Page@@SGPAVCObject@@XZ 0041fa70 f   PropProtocol2Page.obj
 0001:0001eaf0       ?_GetBaseClass@CPropProtocol2Page@@KGPAUCRuntimeClass@@XZ 0041faf0 f   PropProtocol2Page.obj
 0001:0001eb10       ?GetRuntimeClass@CPropProtocol2Page@@UBEPAUCRuntimeClass@@XZ 0041fb10 f   PropProtocol2Page.obj
 0001:0001eb30       ??0CPropProtocol2Page@@QAE@XZ 0041fb30 f   PropProtocol2Page.obj
 0001:0001ec10       ??_ECPropProtocol2Page@@UAEPAXI@Z 0041fc10 f i PropProtocol2Page.obj
 0001:0001ec10       ??_GCPropProtocol2Page@@UAEPAXI@Z 0041fc10 f i PropProtocol2Page.obj
 0001:0001ec50       ??1CPropProtocol2Page@@UAE@XZ 0041fc50 f   PropProtocol2Page.obj
 0001:0001ecf0       ?DoDataExchange@CPropProtocol2Page@@MAEXPAVCDataExchange@@@Z 0041fcf0 f   PropProtocol2Page.obj
 0001:0001ed90       ?_GetBaseMessageMap@CPropProtocol2Page@@KGPBUAFX_MSGMAP@@XZ 0041fd90 f   PropProtocol2Page.obj
 0001:0001edb0       ?GetMessageMap@CPropProtocol2Page@@MBEPBUAFX_MSGMAP@@XZ 0041fdb0 f   PropProtocol2Page.obj
 0001:0001edd0       ?UpdateFromInst@CPropProtocol2Page@@UAEXXZ 0041fdd0 f   PropProtocol2Page.obj
 0001:0001f110       ?OnInitDialog@CPropProtocol2Page@@MAEHXZ 00420110 f   PropProtocol2Page.obj
 0001:0001f210       ?OnAdvanced@CPropProtocol2Page@@IAEXXZ 00420210 f   PropProtocol2Page.obj
 0001:0001f280       ?OnProtcolAdvanced@CPropProtocol2Page@@IAEXXZ 00420280 f   PropProtocol2Page.obj
 0001:0001f300       ?OnCompression@CPropProtocol2Page@@IAEXXZ 00420300 f   PropProtocol2Page.obj
 0001:0001f320       ?OnAutonoise@CPropProtocol2Page@@IAEXXZ 00420320 f   PropProtocol2Page.obj
 0001:0001f390       ?OnOK@CPropProtocol2Page@@UAEXXZ 00420390 f   PropProtocol2Page.obj
 0001:0001f6a0       ?OnCalBrowse@CPropProtocol2Page@@IAEXXZ 004206a0 f   PropProtocol2Page.obj
 0001:0001f930       ?OnChangeCalPath@CPropProtocol2Page@@IAEXXZ 00420930 f   PropProtocol2Page.obj
 0001:0001f9f0       ?OnApply@CPropProtocol2Page@@UAEHXZ 004209f0 f   PropProtocol2Page.obj
 0001:0001fa20       ?OnUpdateRecordlength@CPropProtocol2Page@@IAEXXZ 00420a20 f   PropProtocol2Page.obj
 0001:0001fa40       ?OnUpdateTriggerdelay@CPropProtocol2Page@@IAEXXZ 00420a40 f   PropProtocol2Page.obj
 0001:0001fa60       ?OnUpdateOffset@CPropProtocol2Page@@IAEXXZ 00420a60 f   PropProtocol2Page.obj
 0001:0001fa80       ?OnUpdateRecordpreset@CPropProtocol2Page@@IAEXXZ 00420a80 f   PropProtocol2Page.obj
 0001:0001faa0       ?OnSelchangePeriod@CPropProtocol2Page@@IAEXXZ 00420aa0 f   PropProtocol2Page.obj
 0001:0001fac0       ?CreateObject@CPropProtocol3Page@@SGPAVCObject@@XZ 00420ac0 f   PropProtocol3Page.obj
 0001:0001fb40       ?_GetBaseClass@CPropProtocol3Page@@KGPAUCRuntimeClass@@XZ 00420b40 f   PropProtocol3Page.obj
 0001:0001fb60       ?GetRuntimeClass@CPropProtocol3Page@@UBEPAUCRuntimeClass@@XZ 00420b60 f   PropProtocol3Page.obj
 0001:0001fb80       ??0CPropProtocol3Page@@QAE@XZ 00420b80 f   PropProtocol3Page.obj
 0001:0001fc60       ??_ECPropProtocol3Page@@UAEPAXI@Z 00420c60 f i PropProtocol3Page.obj
 0001:0001fc60       ??_GCPropProtocol3Page@@UAEPAXI@Z 00420c60 f i PropProtocol3Page.obj
 0001:0001fca0       ??1CPropProtocol3Page@@UAE@XZ 00420ca0 f   PropProtocol3Page.obj
 0001:0001fd40       ?DoDataExchange@CPropProtocol3Page@@MAEXPAVCDataExchange@@@Z 00420d40 f   PropProtocol3Page.obj
 0001:0001fde0       ?_GetBaseMessageMap@CPropProtocol3Page@@KGPBUAFX_MSGMAP@@XZ 00420de0 f   PropProtocol3Page.obj
 0001:0001fe00       ?GetMessageMap@CPropProtocol3Page@@MBEPBUAFX_MSGMAP@@XZ 00420e00 f   PropProtocol3Page.obj
 0001:0001fe20       ?UpdateFromInst@CPropProtocol3Page@@UAEXXZ 00420e20 f   PropProtocol3Page.obj
 0001:000201c0       ?OnInitDialog@CPropProtocol3Page@@MAEHXZ 004211c0 f   PropProtocol3Page.obj
 0001:000202c0       ?OnAdvanced@CPropProtocol3Page@@IAEXXZ 004212c0 f   PropProtocol3Page.obj
 0001:00020330       ?OnProtcolAdvanced@CPropProtocol3Page@@IAEXXZ 00421330 f   PropProtocol3Page.obj
 0001:000203b0       ?OnCompression@CPropProtocol3Page@@IAEXXZ 004213b0 f   PropProtocol3Page.obj
 0001:000203d0       ?OnAutonoise@CPropProtocol3Page@@IAEXXZ 004213d0 f   PropProtocol3Page.obj
 0001:00020440       ?OnOK@CPropProtocol3Page@@UAEXXZ 00421440 f   PropProtocol3Page.obj
 0001:00020750       ?OnCalBrowse@CPropProtocol3Page@@IAEXXZ 00421750 f   PropProtocol3Page.obj
 0001:000209e0       ?OnChangeCalPath@CPropProtocol3Page@@IAEXXZ 004219e0 f   PropProtocol3Page.obj
 0001:00020aa0       ?OnUpdateRecordlength@CPropProtocol3Page@@IAEXXZ 00421aa0 f   PropProtocol3Page.obj
 0001:00020ac0       ?OnUpdateTriggerdelay@CPropProtocol3Page@@IAEXXZ 00421ac0 f   PropProtocol3Page.obj
 0001:00020ae0       ?OnUpdateOffset@CPropProtocol3Page@@IAEXXZ 00421ae0 f   PropProtocol3Page.obj
 0001:00020b00       ?OnUpdateRecordpreset@CPropProtocol3Page@@IAEXXZ 00421b00 f   PropProtocol3Page.obj
 0001:00020b20       ?OnSelchangePeriod@CPropProtocol3Page@@IAEXXZ 00421b20 f   PropProtocol3Page.obj
 0001:00020b40       ?CreateObject@CPropProtocol4Page@@SGPAVCObject@@XZ 00421b40 f   PropProtocol4Page.obj
 0001:00020bc0       ?_GetBaseClass@CPropProtocol4Page@@KGPAUCRuntimeClass@@XZ 00421bc0 f   PropProtocol4Page.obj
 0001:00020be0       ?GetRuntimeClass@CPropProtocol4Page@@UBEPAUCRuntimeClass@@XZ 00421be0 f   PropProtocol4Page.obj
 0001:00020c00       ??0CPropProtocol4Page@@QAE@XZ 00421c00 f   PropProtocol4Page.obj
 0001:00020ce0       ??_ECPropProtocol4Page@@UAEPAXI@Z 00421ce0 f i PropProtocol4Page.obj
 0001:00020ce0       ??_GCPropProtocol4Page@@UAEPAXI@Z 00421ce0 f i PropProtocol4Page.obj
 0001:00020d20       ??1CPropProtocol4Page@@UAE@XZ 00421d20 f   PropProtocol4Page.obj
 0001:00020dc0       ?DoDataExchange@CPropProtocol4Page@@MAEXPAVCDataExchange@@@Z 00421dc0 f   PropProtocol4Page.obj
 0001:00020e60       ?_GetBaseMessageMap@CPropProtocol4Page@@KGPBUAFX_MSGMAP@@XZ 00421e60 f   PropProtocol4Page.obj
 0001:00020e80       ?GetMessageMap@CPropProtocol4Page@@MBEPBUAFX_MSGMAP@@XZ 00421e80 f   PropProtocol4Page.obj
 0001:00020ea0       ?UpdateFromInst@CPropProtocol4Page@@UAEXXZ 00421ea0 f   PropProtocol4Page.obj
 0001:000211e0       ?OnInitDialog@CPropProtocol4Page@@MAEHXZ 004221e0 f   PropProtocol4Page.obj
 0001:000212e0       ?OnAdvanced@CPropProtocol4Page@@IAEXXZ 004222e0 f   PropProtocol4Page.obj
 0001:00021350       ?OnProtcolAdvanced@CPropProtocol4Page@@IAEXXZ 00422350 f   PropProtocol4Page.obj
 0001:000213d0       ?OnCompression@CPropProtocol4Page@@IAEXXZ 004223d0 f   PropProtocol4Page.obj
 0001:000213f0       ?OnAutonoise@CPropProtocol4Page@@IAEXXZ 004223f0 f   PropProtocol4Page.obj
 0001:00021460       ?OnOK@CPropProtocol4Page@@UAEXXZ 00422460 f   PropProtocol4Page.obj
 0001:00021770       ?OnCalBrowse@CPropProtocol4Page@@IAEXXZ 00422770 f   PropProtocol4Page.obj
 0001:00021a00       ?OnChangeCalPath@CPropProtocol4Page@@IAEXXZ 00422a00 f   PropProtocol4Page.obj
 0001:00021ac0       ?OnUpdateRecordlength@CPropProtocol4Page@@IAEXXZ 00422ac0 f   PropProtocol4Page.obj
 0001:00021ae0       ?OnUpdateTriggerdelay@CPropProtocol4Page@@IAEXXZ 00422ae0 f   PropProtocol4Page.obj
[...]
FIXUPS: 13d7d 12 11 7 f 7 12 3a 18 7 11 40 18 7 14 3d 18 7 18 7 10 11 7
FIXUPS: 13f5f 3a 18 7 f 42 18 7 fffff9f0 7 12 38 18 7 11 40 18 7 14 3d
FIXUPS: 13b82 e 15 26 e 15 26 e 15 2f e 12 2f e 14 52 18 7 18 7 fffffaf4
FIXUPS: 13862 14 15 e c e e 7 1e 7 16 2eaa1 9 9 b fffd1588 18 7 18 7 f
FIXUPS: 1399d f 7 d 7 14 11 7 f 7 fffffca6 7 11 7 f 7 f 7 e e 7 e 13 7
FIXUPS: 13754 7 11 7 f 7 e e 7 e e 7 8 19 19 c 1a e fffffccc 12 c 1c 7
FIXUPS: 13559 7 f 7 f 7 11 7 f 7 f 7 f 7 f 7 10 1f e 7 10 11 7 1b 7 f 7
FIXUPS: 131f2 12 2d 13 1b 2f105 c f f b fffd0f27 13 31 15 17 18 15 17 15
FIXUPS: 13405 5 1e 10 1e 2c 1b 1e e 7 10 11 7 228e 3e 42 3e 42 3e 42 50
FIXUPS: 1598b 30 30 30 45 44 42 4e 37 39 40 4c 4c 40 40 38 42 3c 4e 4e
FIXUPS: 15e8e 30 ffffd310 12 1f08 35 2b 35 2b 31 2f 35 2b 31 2f 31 2f 31
FIXUPS: 15388 31 2f 31 2f 31 45 2f 2e 30 30 43 46 3e 40 42 42 3e fffff3a4
FIXUPS: 14b19 2f 31 2f 31 2f 31 2f 31 2f 31 2f 31 2f 31 2f 31 2f 31 2f
FIXUPS: 14edd 2b 35 2b 32 2e 32 2e 35 2b 35 fffff5a2 15 2de30 17 b fffd21e3
FIXUPS: 146d8 31 2f 31 2f 31 2f 31 2f 31 2f 31 43 17 c 15 2db70 17 b fffd24a3
FIXUPS: 149c8 31 2f 31 2f 31 2daab 17 b fffd44dc 39 46 3a 3d 42 3a 3e 71
FIXUPS: 16cc8 44 ffffd705 18 2e02c b fffd2058 31 2f 31 43 17 c 15 2deb0
FIXUPS: 4248b b fffd2163 43 17 1f09 39 47 39 42 3e 47 31 2e 3a 42 45 1c
FIXUPS: 16827 14 2bcc9 17 b fffd435c 3b 3f 24 f 15 2bbf0 17 b fffd4436
FIXUPS: 169cc 23 f 15 fffff4d5 31 2f 31 2f 32 2e 31 2f 31 2f 31 2f 31 2f
FIXUPS: 161b9 2f 31 2f 31 2f 31 2f 31 3f 33 30 3a 47 39 47 39 e31 39 12
FIXUPS: 173c1 1b 2b 10 16 2b1c7 1a b fffd4e88 57 fffff849 18 2b83c b fffd4848
FIXUPS: 16e1a 2e 31 2f 31 2f 31 2f 31 2f 31 32 30 33 a3e 2abd8 c f f f
FIXUPS: 426ec f f b fffd49b0 12 2d 2b4b0 b fffd4bc1 13 9c f 2b396 b fffd4ca6
FIXUPS: 1728d e 7 8 9 28 9 10 1c 1f 3e7 7 2af07 b fffd5136 1e 13 68 4d
FIXUPS: 17859 12 2addc b fffd5280 1e 58 20 2acff b fffd535b 12 12 2ac96
FIXUPS: 42692 fffd53b0 12 12 12 12 12 12 f 26e 9 10 1c 22 17 39 12 30 1b
FIXUPS: 17e5a 10 16 2a8e4 1a b fffd5768 57 fffff5e1 37 13 2d 24 6c 35 5
FIXUPS: 17688 35 e f 26 7 d49 f 18 f a f 10 12 10 f 18 f a f 10 fffff5e5
FIXUPS: 17b27 2d 2abd0 b fffd54a1 13 9c f 2aab6 b fffd5586 8 e 7 8 9 2aadd
FIXUPS: 427ef f b fffd594b 15 67 8b 17 17 17 17 17 8 f 18 f a f 10 40 7
FIXUPS: 18387 35 10 f 18 f a f 10 15 33e7 22 1c f 27390 b fffd8d0a 7 1d
FIXUPS: 1b944 15 7 1c 7 ffffc60b 12 14 14 14 2a7b8 c f f b fffd58b7 13
FIXUPS: 180e2 12 12 f f 2a6b0 fffd8d63 f 1f e 30 f 11 11 2f 2b 1e 42 21
FIXUPS: 1b6e4 f f f 12 27444 c c c c c c c c b fffd8ba0 f 27463 b fffd84eb
FIXUPS: 1b11d 7 1c 7 13 7 1d 7 49 7 1c 7 13 7 1d 7 67 1e b5 30 48 19 10
FIXUPS: 1b42f 60 1c b 12 23 e 16 fffff7f6 59 13 f 27dc4 b fffd8273 18 a
FIXUPS: 1adfc 36 18 a 18 36 18 a 18 36 18 a 18 36 18 a 18 2c 1c 22 37 1e
FIXUPS: 1b0d2 fffff7ef 1e 4b 1b 1e f f f 11 f f f 26 f f 1e 7 29 7 29 7
FIXUPS: 1aa9e 52 1e 37 5b 1e 62 1e 37 3b 1e fffff9a1 3f 1b f f d 24 30
FIXUPS: 1a761 11 14 1f 3e 14 35 21 f f 12 2823a c c c c c c c c c c b fffd7d82
FIXUPS: 42a8f c b fffd7863 1e 37 60 1c b 12 23 e 16 28 f 1f 25 c c 15 19
FIXUPS: 1a513 16 15 18 14 23 1e 4b 24 e 29 fffffa36 21 a 21 17 7 2f 2b
FIXUPS: 1a189 12 2b f 12 21 35 1c 7 12 7 f f 12 2876e c c c c c c c c c
FIXUPS: 19d6d 35 15 28 9 15 24 20 2c f 22 28 f 10 12 2b f 15 1c 7 12 7
FIXUPS: 19f91 f 19 9 15 24 2d 19 11 11 fffff926 18 17 7 16 1e 4c 28fb5
FIXUPS: 429ff fffd708b 4b 1e 60 1c b 12 23 e 16 28 f 1f 3c 19 1b 13 21
FIXUPS: 19cd7 21 17 7 36 28c7e fffd6c86 9 a 18 14 9 a 18 26 9 a 18 14 9
FIXUPS: 19732 18 4d 18 1a 18 17 7 16 1e 56 2914b b fffd6f0b 1e 4f 18 fffff977
FIXUPS: 1931c 18 a 18 36 18 a 18 36 18 a 18 3c 1e 1f 9 15 4b c 31 c 13
FIXUPS: 19587 c 2e 15 24 293aa 9 9 9 fffd6560 39 13 12 c 11 9 47 18 9 47
FIXUPS: 19080 24 34 1c 22 60 12 12 297ed b fffd683a 18 a 18 36 18 a 18
FIXUPS: 192ac 18 a fffff996 20 12 d 1e 19 39 37 1c 13 27 13 1d 12 12 12
FIXUPS: 18e18 13 7 1d 7 13 7 1c 7 13 13 e 15 13 d 16 fffff97e 1b0 13 2d
FIXUPS: 18acb 12 12 12 12 12 12 12 12 12 f 29d68 f f f f f f f f f b fffd623e
FIXUPS: 18be7 17 13 27 19 3a4c 1e ffffbf00 18 2a249 b fffd5e8e 15 12 12
FIXUPS: 18700 12 12 12 12 12 12 60 a 2a05e f f f f f f f f f f b fffd5f3b
FIXUPS: 1c2c1 38 f 1e 7 3e 25 19 f 2695c b fffd96c1 1d 1e 3d 1c 17 1c 14
FIXUPS: 1c4d7 14 1c 32 19 17 19 14 19 14 19 41 1e fffffa34 e 16 28 f 1f
FIXUPS: 1c10e 19 11 1b 2b f 12 2b f e e f f 12 26a92 c c c c c c b fffd9558
FIXUPS: 1c280 13 27 fffffb06 f 8 8 a 26e8b 9 9 9 9 9 b fffd9179 7 49 7
FIXUPS: 1bece 7 17 7 17 7 2d 7 17 7 32 1e 60 1c b 12 fffff9dc 271fc c f
FIXUPS: 42c4e f b fffd8e08 13 31 15 17 78 5 1e 22 58 7 2a 17 37 e f 1c
FIXUPS: 1bcb4 2a 17 37 e f 34 f 1115 7 1c 35 18 7 19 38 18 7 1c 35 41 e
FIXUPS: 1d045 2e e 1d 2e e 1d 37 e 1a 37 e 14 ffffe81f 12 12 12 12 1148
FIXUPS: 1cb6d 7 f 7 39 7 f 7 11 7 f 7 3b 18 7 1e 2c 47 18 7 26 7 1c 2c
FIXUPS: 1cdb5 7 5d 18 7 19 38 fffffaab 7 18 11 7 11 1a c 1b 7 21 7 f 7
FIXUPS: 1ca2a e 7 18 11 7 18 14 7 21 7 49 7 f 7 f 7 11 1d04 53 24 23 7
FIXUPS: 1e90f 7 11 7 a 2d 7 13 7 11 7 a ffffdd96 12 47 2659d c b fffd9a95
FIXUPS: 1c7f3 31 15 67 1a 7 3f 26 1c17 12 24938 c c c c c c b fffdb6a3
FIXUPS: 1e59b 3d 1c 17 1c 14 1c 14 1c 32 1c 17 1c 14 1c 14 1c 45 1e 53
FIXUPS: 1e83d fffff9d4 a 33 7 17 7 a 38 1e 60 1c b 12 23 e 16 28 f 1f 25
FIXUPS: 1e447 11 1b 2b f 12 2b f e e a f fffffa0b 19 18 8 18 17 7 c 7 18
FIXUPS: 1dfdb 12 24e77 b fffdb1b3 20 20 20 20 20 20 23 7 30 29 7 30 32
FIXUPS: 1e1d5 17 7 17 fffffa2d 1e 15 d 11 7 1c 7 75 20 d 8 d d b b 10 14
FIXUPS: 1ddbd a d c b 15 2b 7 38 f 1e 7 3e 25 fffffb02 33 7 f 7 11 7 f
FIXUPS: 1da81 21 7 f 7 11 7 f 7 21 21 22 7 f 7 8 8 f 7 f 7 18 47 1e fffffb3e
FIXUPS: 1d771 c b 7c 7 2a e f 1c 7 2a e f 34 f 3a f 8 8 a 254c2 9 9 9 9
FIXUPS: 42e53 fffdab3d 5 1e 10 1e 25401 f f f b fffda6ca 18 17 18 1a 18
FIXUPS: 1d577 17 7b 1e 10 1e 1a b 23 d 1c d 8 f b 17 b 14 8 b 18 2267 25
FIXUPS: 1fa02 20 20 20 ffffd7a9 18 25b39 b fffda565 15 12 12 12 12 25a4b
FIXUPS: 42d83 f f f b fffda5f5 13 9a 12 12 12 12 f 25910 f fffdc9a0 28
FIXUPS: 1f7aa 1f 25 19 11 17 21 e f 15 23 f 12 23751 c c c c c b fffdc8a4
FIXUPS: 1f920 13 18 f 1b f 236f0 b fffdc933 fffffb0d 12 8 17 8 17 8 17
FIXUPS: 1f536 17 c b 33 19 18 8 18 17 7 c 7 18 8 239cd fffdc66f 1e 60 1c
FIXUPS: 1f71a 12 23 e fffffac5 12 23d93 b fffdc2ad f 23d56 b fffdc2d3 23
FIXUPS: 1f2ec 13 7 11 7 a 41 1e 10 1e 15 36 29 b 11 12 f b 11 12 f b fffffab6
FIXUPS: 1ef6c d 17 b 14 2d 1a c c c b 17 23f48 9 b fffdc0d8 5 1e 10 1e
FIXUPS: 1f0f5 17 17 17 57 12 12 23df2 b fffdc24f 12 fffffaa5 17 7a 1e 10
FIXUPS: 1ed95 1a f d 17 b 14 8 d 17 b 14 8 d 17 b d 26 d 1f d 1f d 8 d
FIXUPS: 1ef45 b 1b42 20 ffffdf39 18 244e9 b fffdbbb5 15 12 12 12 2440d
FIXUPS: 42f13 f f b fffdbc34 13 58 12 12 12 f 24324 f f f b fffdbcd8 18
FIXUPS: 1ec83 1d 1b9e 19 11 17 21 e f 15 23 f 12 22891 c c c c c b fffdd764
FIXUPS: 20970 13 18 f 1b f 22830 b fffdd7f3 b 25 20 20 fffffad6 17 8 17
FIXUPS: 20586 17 c b 33 19 18 8 18 17 7 c 7 18 8 22b0d fffdd52f 1e 60 1c
FIXUPS: 2076a 12 23 e 16 28 f 1f fffffab9 12 22e93 b fffdd190 23 7 13 7
FIXUPS: 20367 7 a 41 1e 10 1e 15 36 29 b 11 12 f b 11 12 f b 11 12 8 17
FIXUPS: 20014 8 d 17 b 14 2d 1a c c c b 17 23048 9 b fffdcfd8 5 1e 10 1e
FIXUPS: 201a5 17 17 17 57 12 12 22ef2 b fffdd14f 12 fffffaa5 17 7a 1e 10
FIXUPS: 1fe45 1a f d 17 b 14 8 d 17 b 14 8 d 17 b d 26 d 1f d 1f d 8 d
FIXUPS: 1fff5 b 1b12 20 ffffdf69 18 235e9 b fffdcab5 15 12 12 12 2350d
FIXUPS: 430c3 f f b fffdcb34 13 58 12 12 12 f 23424 f f f b fffdcbd8 18
FIXUPS: 1fd33 1d 1b5a 1f 25 19 11 17 21 e f 15 23 f 12 21971 c c c c c
FIXUPS: 4337e fffde684 1e 13 18 f 1b f 21910 b fffde713 20 20 fffffae7
FIXUPS: 215f0 8 17 8 17 8 17 c b 33 19 18 8 18 17 7 c 7 18 8 21bed fffde44f
FIXUPS: 21793 60 1c b 12 23 e 16 28 fffffac6 12 f 12 21f73 b fffde0b0 23
FIXUPS: 213ec 13 7 11 7 a 41 1e 10 1e 15 36 29 b 11 12 f b 11 12 f b 11
FIXUPS: 215d1 fffffae2 b 14 8 d 17 b 14 2d 1a c c c b 17 2211a 9 b fffddef8
FIXUPS: 211d5 1e 10 1e 34 17 17 17 57 12 12 21fd2 b fffddb57 1e 10 1e 34
FIXUPS: 20ee0 17 17 f f d 17 b 14 8 d 17 b 14 8 d 17 b d 26 d 1f d 1f d
FIXUPS: 21091 d fffffa4d 18 22729 b fffdd975 15 12 12 12 2264d f f f b
FIXUPS: 20c70 13 58 12 12 12 f 22564 f f f b fffdda98 18 17 1d 18 17 1b3f
FIXUPS: 22927 11 17 21 e f 15 23 f 12 20ae1 c c c c c b fffdf514 1e 13
FIXUPS: 22a6b f 1b f 20a80 b fffdf5a3 20 20 20 20 fffffac6 17 8 17 8 17
FIXUPS: 22679 b 33 19 18 8 18 17 7 c 7 18 8 20d5d fffdf2df 1e 60 1c b 12
FIXUPS: 2286f e 16 28 f 1f fffffab9 12 210e3 b fffdef40 23 7 13 7 11 7
FIXUPS: 22448 41 1e 10 1e 15 36 29 b 11 12 f b 11 12 f b 11 12 8 17 fffffad4
FIXUPS: 220ec d 17 b 14 2d 1a c c c b 17 21298 9 b fffded88 5 1e 10 1e
FIXUPS: 22275 17 17 17 57 12 12 21142 b fffdeeff 12 fffffaa5 17 7a 1e 10
FIXUPS: 21f15 1a f d 17 b 14 8 d 17 b 14 8 d 17 b d 26 d 1f d 1f d 8 d
FIXUPS: 220c5 b 1a82 20 ffffdff9 18 21839 b fffde865 15 12 12 12 2175d
FIXUPS: 433e3 f f b fffde8e4 13 58 12 12 12 f 21674 f f f b fffde988 18
FIXUPS: 21e03 1d 1aca 1f 25 19 11 17 21 e f 15 23 f 12 1fc51 c c c c c
FIXUPS: 4369e fffe03a4 1e 13 18 f 1b f 1fbf0 b fffe0433 20 20 fffffae7
FIXUPS: 23630 8 17 8 17 8 17 c b 33 19 18 8 18 17 7 c 7 18 8 1fecd fffe016f
FIXUPS: 237d3 60 1c b 12 23 e 16 28 fffffac6 12 f 12 20253 b fffdfdd0 23
FIXUPS: 2342c 13 7 11 7 a 41 1e 10 1e 15 36 29 b 11 12 f b 11 12 f b 11
FIXUPS: 23611 fffffad4 b 14 8 d 17 b 14 2d 1a c c c b 17 20408 9 b fffdfc18
FIXUPS: 23215 1e 10 1e 34 17 17 17 57 12 12 202b2 b fffdf811 1d 18 17 7a
FIXUPS: 22f07 10 1e 1a f d 17 b 14 8 d 17 b 14 8 d 17 b d 26 d 1f d 1f
FIXUPS: 230bb 8 d 1a62 20 20 20 ffffdff9 18 209a9 b fffdf6f5 15 12 12 12
FIXUPS: 43564 f f f b fffdf774 13 58 12 12 12 f 207e4 f f f b fffdf818
FIXUPS: 22e0c 1ac7 28 f 1f 25 19 11 17 21 e f 15 23 f 12 1edc1 c c c c
FIXUPS: 43823 b fffe1234 1e 13 18 f 1b f 1ed60 b fffe12c3 fffffb0d 12 8
FIXUPS: 24650 8 17 8 17 8 17 c b 33 19 18 8 18 17 7 c 7 18 8 1f03d fffe0fff
FIXUPS: 247f3 60 1c b 12 23 e 1eeda b fffe0c1f 12 f 12 1f3c3 b fffe0c60
FIXUPS: 24445 7 13 7 11 7 a 41 1e 10 1e 15 36 29 b 11 12 f b 11 12 f b
FIXUPS: 240e3 d 15 b 14 8 d 17 b 14 2d 1a c c c b 17 1f578 9 b fffe0aa8
FIXUPS: 24235 1e 10 1e 34 17 17 17 57 12 12 fffffa9f 18 17 1d 18 17 7a
FIXUPS: 23f27 10 1e 1a f d 17 b 14 8 d 17 b 14 8 d 17 b d 26 d 1f d 1f
FIXUPS: 240db 1f904 fffe2153 20 20 20 20 ffffdff9 18 1fb19 b fffe0585 15
FIXUPS: 23c93 12 12 1fa3d f f f b fffe0604 13 58 12 12 12 f 1f954 f f f
FIXUPS: 4376c fffe2163 e 16 28 f 1f 25 19 11 17 21 e f 15 23 f 12 1df31
FIXUPS: 43983 c c c c b fffe20c4 1e 13 18 f 1b f 1ded0 fffe1c4f b 11 12
FIXUPS: 25659 17 8 17 8 17 8 17 c b 33 19 18 8 18 17 7 c 7 18 8 1e1ad fffe1e8f
FIXUPS: 25813 60 1c b 12 fffffad7 12 1e592 b fffe1aaf 12 f 12 1e533 b fffe1af0
FIXUPS: 25465 7 13 7 11 7 a 41 1e 10 1e 15 36 29 b 11 12 f b 11 12 fffffada
FIXUPS: 250fb 8 d 15 b 14 8 d 17 b 14 2d 1a c c c b 17 1e6e8 9 b fffe1938
FIXUPS: 25255 1e 10 1e 34 17 17 17 57 1e580 b fffe1538 18 17 1d 18 17 7a
FIXUPS: 24f47 10 1e 1a f d 17 b 14 8 d 17 b 14 8 d 17 b d 26 d 1f d 1a55
FIXUPS: 43b64 b fffe2fe3 20 20 20 20 ffffdff9 18 1ec89 b fffe1415 15 12
FIXUPS: 24cc5 12 1ebad f f f b fffe1494 13 58 12 12 12 f 1eac4 f f fffe2fd8
FIXUPS: 268cc 23 e 16 28 f 1f 25 19 11 17 21 e f 15 23 f 12 1d0a1 c c c
FIXUPS: 43b37 c b fffe2f54 1e 13 18 f 1b fffffb0d 12 f b 11 12 8 17 8 17
FIXUPS: 266b7 17 8 17 c b 33 19 18 8 18 17 7 c 7 18 8 1d31d fffe2d1f 1e
FIXUPS: 26893 1c fffffa8b 57 12 12 1d702 b fffe293f 12 f 12 1d6a3 b fffe2980
FIXUPS: 26485 7 13 7 11 7 a 41 1e 10 1e 15 36 29 b 11 12 f b fffffad1 d
FIXUPS: 2610e d 8 d 15 b 14 8 d 17 b 14 2d 1a c c c b 17 1d858 9 b fffe27c8
FIXUPS: 26275 1e 10 1e 34 17 17 1d740 f f b fffe23c8 18 17 1d 18 17 7a
FIXUPS: 25f67 10 1e 1a f d 17 b 14 8 d 17 b 14 8 d 17 b d 26 d 1dc2e f
FIXUPS: 43d0f f f f b fffe33b6 1e 13 ffffeabd 18 1ddf9 b fffe22a5 15 12
FIXUPS: 25ce5 12 1dd1d f f f b fffe2324 13 58 12 12 12 f 1dc34 fffe34c3
FIXUPS: 26f28 12 12 11 12 12 11 1cc92 f f f f f f f f f b fffe3345 12 12
FIXUPS: 27031 12 12 12 12 12 f 1cc2a f f fffe3045 11 12 12 11 12 12 11
FIXUPS: 43b84 f f f f f f f f f b fffe31ca 13 4e 15 12 12 12 12 12 12 12
FIXUPS: 26ee6 1f 45e 13 17 b 14 c c b 1c9a5 b fffe36a7 1e 15 f 1a 8 1a
FIXUPS: 274b0 b 15 1c8c6 fffe2ebb 15 12 12 12 12 12 12 12 12 1f d89 1c346
FIXUPS: 43def fffe3ce5 15 fffffa2c 7f 1c810 b fffe3941 13 2d ef 1a fffff935
FIXUPS: 27180 1cbd4 b fffe3481 13 31 15 15 7b 5 1e 1f f 13 10 f 8 d3a 19
FIXUPS: 280b8 1b 2b f 12 2b f 12 21 e f f f 12 1bc7e c c c c c c c b fffe3b28
FIXUPS: 279f0 1c3d4 b fffe3c61 13 4c 1c3a5 b fffe3f81 a 7 1e 15 7 1e 13
FIXUPS: 27e44 8 c c c 7 c 7 42 e 3b 1e 60 1c b 12 23 e 16 28 f 1f c2e 8
FIXUPS: 28cc6 c a 2b f 1b1ce 9 b fffe3cc5 15 19 1c219 f b fffe3e12 13 82
FIXUPS: 27cca 1e 13 19 13 f 7 a 7 19 b e 16 d06 1e f 8 7 1e f 8 7 1e f
FIXUPS: 28b49 7 1b 13 f 8 7 19 7 1e d 7 1e d 7 1e 13 f 8 7 19 fffffc69
FIXUPS: 288f8 14 d 7 12 f 8 7 14 d 7 12 f 8 7 14 13 f 8 7 1e f 8 7 19 f
FIXUPS: 28a59 7 1e f 8 fffffc41 7 1e d 7 1e 13 b e 8 7 19 b e 14 12 16
FIXUPS: 43ec4 b fffe4943 1e 13 20 f c 8 7 1b 11 f 12 f fffffc25 8 7 1e
FIXUPS: 28546 e 8 7 1e b e 8 7 1e b e 8 7 1e b e 8 7 1b 13 b e 8 7 19 7
FIXUPS: 286c9 fffffc81 7 18 b e 8 7 1e 17 b e 8 7 1a 17 b e 8 7 14 13 b
FIXUPS: 28487 8 7 1e b e 8 7 19 b 1bb22 c c c c c c c 9 9 c c c c c c c
FIXUPS: 440e8 9 c c c c b fffe40dd 37 13 31 81 5 1e 13 20ce 22 1c b 1c
FIXUPS: 2a495 34 34 34 3b 2f f 12 32 f f f c c c c 11 e 15 f 19946 9 9
FIXUPS: 43ff2 c c c fffe5fb5 25 f 8 24 25 f 8 2f 8 2b 18 67 f 3f f 3f f
FIXUPS: 2a232 f 3f f 3f f 3f f 3c f 19 29 12 1b fffff88e 25 f 8 30 22 25
FIXUPS: 29d35 8 24 25 f 8 30 22 25 f 8 24 25 f 8 30 22 25 f 8 24 25 f 8
FIXUPS: 29fa9 fffff6e9 21b 1a 42 1e 10 1e 13 f b0 11 1c 11 1a 11 36 1a
FIXUPS: 29af6 d 22 25 f 8 24 25 f 8 30 22 25 f 8 fffff776 7 6 6 7 b b 40
FIXUPS: 29456 15 1ab19 16 b fffe54fb 13 5f f 1aa93 b fffe55d1 52 36 7 7
FIXUPS: 2962d 7 7 34 7 7 7 7 fffffbb5 7 7 7 7 7 7 7 7 7 7 6 6 7 ae 7 7
FIXUPS: 2935c 7 7 7 7 7 7 7 7 7 7 7 7 7 7 1ab79 fffe4fce 12 f 1b01e c b
FIXUPS: 28f60 13 4c f f 1af87 c b fffe50cf 2a 1e 2e 13 36 d 30 bb 7 7 7
FIXUPS: 2921d 7 7 7 7 1afcb 9 9 9 b fffe7918 16 f 2c 30 30 30 2e 8c f 34
FIXUPS: 2bd3d f 39 12 12 12 ffffcfa0 18 1b199 b fffe4ee3 2a 1e 46 18 1b08c
FIXUPS: 2b862 12 f 18905 20 f c c c c b fffe76be 72 b 56 6e 8 f 20 1c c
FIXUPS: 2ba62 b e 1c 1c c 12 b e 1e f fffff661 13 12 af 23 2d 4e 7 6e 2e
FIXUPS: 2b3c3 11 269 f 11 11 53 f 26 2b f 2e e e b 1d 1a 1d 20 1b 30 f
FIXUPS: 2aa7a f 10 c 2e c f 7 47 8 b 17 2e c 47 15 13 1c 26 20 a7 2a 47
FIXUPS: 2adfe 2a 8b 34 2d 24 12 1d 57 fffff79d 199d9 c b fffe6675 13 96
FIXUPS: 2a878 198dc c b fffe6739 15 a7 8 8 25 e 17 d d d d d d d 10 10
FIXUPS: 2aa42 d d f 1981a b fffe7e6d 38 17 c 22 7 8 b 34 7 65 14 11 43
FIXUPS: 2c2ab 10 10 f 14 f 2d f c f 17f50 9 b fffe80c8 ffffe37e 12 3ba5
FIXUPS: 2e2d3 13 18 8 1e 8 83 18 10 18 8 18 f 160e6 b fffe7906 12 1840d
FIXUPS: 4423f fffe7c21 13 6a 24 f 18344 c b fffe7d6d 18 31 3f 1ef5 1e 13
FIXUPS: 2df9e 8 1e 8 83 18 10 18 8 18 f 16406 b fffe9c36 1e 13 18 8 1e
FIXUPS: 2e17c 83 18 10 18 8 18 f 16276 b fffe96fe b 18 80 18 b 18 3d b
FIXUPS: 2dd21 16 b e f 16725 b fffe9916 1e 13 18 8 1e 8 83 18 10 18 8 18
FIXUPS: 2df0e 16596 b fffe9444 e 16 b e f 16b05 b fffe9536 1e 13 f 18 b
FIXUPS: 2da00 80 18 b 18 3d b e 16 b e f 16915 b fffe9726 1e 13 f fffff990
FIXUPS: 2d583 13 f 18 b 18 80 18 b 18 3d b e 16 b e f 16cf5 b fffe9346
FIXUPS: 2d793 13 f 18 b 18 80 18 b 18 3d fffffa7e d 7 13 11 8 13 11 8 13
FIXUPS: 2d3f6 8 13 e 1d d 7 13 11 8 13 11 8 13 11 8 13 e 1d f 16ee3 b ffffffec
FIXUPS: 2d14e 34 1e 13 14 7 13 11 8 13 11 8 13 11 8 13 e 1d d 7 13 11 8
FIXUPS: 2d2e3 11 8 13 11 8 13 e fffffc7f e 7 1b 21 10 7 e 7 c 1b 21 e c
FIXUPS: 2d0c2 21 e c f 17278 9 9 9 9 9 9 9 9 9 9 9 9 fffe89bb 10 7 e 7
FIXUPS: 2cde3 1b 15 e c 1b 15 e c 14 e 7 1b 15 10 7 e 7 c 1b 21 e c 1b
FIXUPS: 2cf9a e c fffffbfd 17793 9 9 c c b fffe887c 1e 13 1b e 7 1b 15
FIXUPS: 2cc96 7 e 7 c 1b 15 e c 1b 15 e c 14 e 7 1b fffffc32 7 12 7 12
FIXUPS: 2ca01 a 9 15 12 25 f e b 6 17 3f 7 14 7 14 7 14 7 9 d 16 8 8 8
FIXUPS: 2cb96 c fffffbce 7 11 7 11 7 11 7 11 7 41 5 1e 1f 17 17 17 17 17
FIXUPS: 2c8e4 17 f f c 16 8 19 25 f d 12 7 fffffbda 7 11 7 11 7 2e 7 14
FIXUPS: 2c617 11 7 11 7 11 7 11 7 2e 7 14 7 11 7 11 7 11 7 11 7 2e 7 a10d
FIXUPS: 3687e 11 7 e280 fffe78a8 12 12 12 12 12 12 12 12 17e76 c f f f
FIXUPS: 4430c f f b fffe815b 13 31 71 7 14 7 11 7 9e3f 18 8 11 e 11 e 11
FIXUPS: 3643b 11 e 5c 37 27 193 11 11 1d 20 33 11 29 b 11 29 b 11 e 11
FIXUPS: 36801 49 11 fffff82e 7 f 7 f 7 f 7 30 e 1c 17 11 21 11 24 4c 8
FIXUPS: 3620f 19 11 3a 8 11 19 11 1a 8 1a 4c 24 4e e71f 9 9 9 9 b ffff1162
FIXUPS: 35c8c 30 24 27 8 29 25 1e 52 1e 52 1e 52 1e 9e 1e 10 1e 1b 13 20
FIXUPS: 3603a 1d 7 10 fffff9d1 14 f 8 35 d e 13 12 d e 13 12 d e 13 12
FIXUPS: 35b6c e 13 12 d e 13 12 d e 13 14 ee93 9 9 ffff0d3a 15 9 e 12 15
FIXUPS: 3585c e 14 1d 18 f f 14 f 14 f 14 f 14 f 14 f 18 18 f f 18 18 f
FIXUPS: 35a1c 14 fffffba0 e 13 e 13 12 18 13 f 12 18 13 f e 13 8 35 15
FIXUPS: 35726 e 12 15 9 e 12 15 9 e 12 15 9 e fffffa10 25 8 f 17 d 73 9
FIXUPS: 35338 9 2e f e 25 f 24 34 30 2e 3f 1e 19 19 2e 18 13 f e 13 e 13
FIXUPS: 355bd fffff967 22 fb1e b ffff051e 1e 19 11 1a 11 14 37 4f 12 b
FIXUPS: 350d0 28 f 10 b f f 12 f935 c c b ffff06d3 1e 13 1f 1e fffff941
FIXUPS: 34b45 11 28 2c 1b 1e 18 1e 18 1d 18 1e 18 1e 20 18 8 10 f fd2b
FIXUPS: 44a4f ffff0306 14 1d 1e 29 a1 42 12 f 44 fffff747 241 29 c 23 18
FIXUPS: 34919 16 c c f 1008e 9 9 9 c c c c b fffeff63 1e 57 1e 10 1e 48
FIXUPS: 34ac4 8 14 19 15 fffff7d4 b 2a e 1f 20 e 1f 20 e 1f 20 e 1f 20
FIXUPS: 34459 1f 20 e 1f 20 e 1f 20 e 1f 1f 10 e e 2b 26 fffff8d7 12 11
FIXUPS: 33f2a 8 f c e 19 c c f 1d 12 c 20 29 17 47 1b 55 b f2 e 18 19 19
FIXUPS: 3425b 19 1b 1c 1c fffff9e2 8 c c 10 f 10c9c 9 9 9 9 9 9 9 b fffef372
FIXUPS: 33d5e 10 1e 1d 47 12 c 10 8 13 25 f d a 21 9 fffffb87 10 8 d 12
FIXUPS: 33aa3 f a 9 12 1c 11 1f 1f 16 8 c c d 10 8 d 12 37 f a 9 12 1c
FIXUPS: 33c54 1f 1f fffffb24 20 8 f 1a 3c 2d 12 c 12 2c e 10 1a f 10 f
FIXUPS: 3393e 11007 9 9 c b fffef01e 1e 10 1e 13 1d 9 7 12 fffff8e7 f 7e
FIXUPS: 333a9 f 7d b f 81 b f 77 20 1d 23 11353 b fffeecf6 1e 13 8 12 26
FIXUPS: 336a7 7 7 10 32 1e 19 1a 18 11083 c c c c c c c c c c c c c c c
FIXUPS: 448a3 c c c c c c c b fffee8fd 2b 34 2d 24 b 4c fffff745 59 21
FIXUPS: 32af0 1e 21 2b 1a5 b 13 28 28 f b 166 21 3c 1e 21 3e 1e 21 3e 23
FIXUPS: 3308d 2c 70 11 c e 18 1166b fffedb02 21 3c 1e 21 3e 1e 21 3e 14
FIXUPS: 3249d 21 2b 1e 21 2b 1a5 b 13 28 28 f b 160 21 3c 1e 21 3e 1e 21
FIXUPS: 32a37 ffffeee3 2b 1a5 b 13 28 28 f b 160 21 3c 1e 21 3e 1e 21 3e
FIXUPS: 31e3d 59 21 2b 1e 21 2b 1a5 b 13 28 28 f b 1261a c c c b fffecd37
FIXUPS: 31517 10 1e 31 62 24 24 24 2f 22 22 22 1a 19 70 2d 33 b 11 11 16
FIXUPS: 31836 59 21 2b 1e fffffa0e 21 3b 23 26 25 18 45 e 3d 12 1320c c
FIXUPS: 446af c c c c c c c c c c c c c c c c c c fffec42a f b d6 21 39
FIXUPS: 30d19 21 3b 1e 21 3b 14 59 21 2b 1e 21 2b 1a2 b 13 28 28 f b d9
FIXUPS: 31236 39 1e 21 3b fffff0b2 2b 1e 21 2b 1a2 b 13 28 28 f b d6 21
FIXUPS: 3078a 1e 21 3b 1e 21 3b 14 59 21 2b 1e 21 2b 1a2 b 13 28 fffff14f
FIXUPS: 2fd29 2d b 11 11 16 17 59 21 2b 1e 21 2b 1a2 b 13 28 28 f b d6
FIXUPS: 301e0 39 1e 21 3b 1e 21 3b 14 59 fffff5fe 24 24 24 2f 22 22 22
FIXUPS: 2fa8f 17 1b 7 19 55 11 e 11 e 11 e 11 e 11 e 11 e 11 e 11 e 11
FIXUPS: 2fc4d 14a15 b fffeadb6 56 1e 10 1e 39 2c f b 11 4e 21 17 85 b b
FIXUPS: 2f6bf 43 bb 28 c b c 3f c 14e33 fffeb213 1e 10 1e fffff982 b 6
FIXUPS: 2f289 23 b 6 11 23 b 6 11 23 b 6 12 c c c c d c c f 15257 9 9 c
FIXUPS: 4463e 9 9 9 fffea91b 18 f b 1a b 1563b fffeaa1f 1e 28 f c 16 8
FIXUPS: 2f0bd 25 f d a 9 15 12 25 f e b 6 1e 1f 1f 1f 3e fffffa31 25 c
FIXUPS: 2ecad 23 8 c e 2d 60 26 2d 2d 2d 25 e 15 7 e 7 47 c c c f 156ba
FIXUPS: 445cd 9 c 9 b fffea960 fffff9d8 10 10 10 3e 60 e 1e 48 1e 10 1e
FIXUPS: 2eaec 7 7 15 11 29 b 15 7 1f 7 1f c 3e f 12 13 d 16 9 fffff8dd
FIXUPS: 2e54e 12 15fe4 f f b fffea0d3 13 b3 12 12 12 f 15e39 f f f b fffea234
FIXUPS: 2e810 24 2c c 28 e 18 19 1b 10 10 10 7fd7 3f e1f0 b ffff1e61 13
FIXUPS: 36a0b 1c e11d b ffff1f1a 25 23 3b 34 13 36 46 27 bc 7a 34 13 36
FIXUPS: 36dcf 27 86 ffff75ef 18 160a9 b fffe9fee
